ASxxxx Linker V03.00 + NoICE + sdld,  page 1.
Hexadecimal  [32-Bits]

Area                                    Addr        Size        Decimal Bytes (Attributes)
--------------------------------        ----        ----        ------- ----- ------------
.  .ABS.                            00000000    00000000 =           0. bytes (ABS,CON)

      Value  Global                              Global Defined In Module
      -----  --------------------------------   ------------------------
     00000000  .__.ABS.                           SetTileMap
     00000000  _rRAMG                             
     00000000  l__BASE                         
     00000000  l__BSS                          
     00000000  l__CABS                         
     00000000  l__CODE_0                       
     00000000  l__CRASH_HEADER                 
     00000000  l__CRASH_SCRATCH                
     00000000  l__DABS                         
     00000000  l__HEADER                       
     00000000  l__HEADER_LCD                   
     00000000  l__HEADER_SIO                   
     00000000  l__HEADER_TIMER                 
     00000000  l__HEAP                         
     00000000  l__HRAM                         
     00000000  l__LIT                          
     00000000  s__CABS                         
     00000000  s__CRASH_HEADER                 
     00000000  s__CRASH_HEADER0                
     00000000  s__CRASH_HEADER1                
     00000000  s__CRASH_SCRATCH                
     00000000  s__CRASH_SCRATCH2               
     00000000  s__DABS                         
     00000000  s__HEADER                       
     00000000  s__HEADER0                      
     00000000  s__HEADER1                      
     00000000  s__HEADER10                     
     00000000  s__HEADER11                     
     00000000  s__HEADER2                      
     00000000  s__HEADER3                      
     00000000  s__HEADER4                      
     00000000  s__HEADER5                      
     00000000  s__HEADER6                      
     00000000  s__HEADER7                      
     00000000  s__HEADER8                      
     00000000  s__HEADER9                      
     00000000  s__HEADER_LCD                   
     00000000  s__HEADER_LCD0                  
     00000000  s__HEADER_SIO                   
     00000000  s__HEADER_SIO0                  
     00000000  s__HEADER_TIMER                 
     00000000  s__HEADER_TIMER0                
     00000000  s__HEADERa                      
     00000000  s__HEADERb                      
     00000000  s__HEADERc                      
     00000000  s__HEADERd                      
     00000000  s__HEADERe                      
     00000000  s__HEADERf                      
     00000000  s__HRAM                         
     00000000  s__HRAM12                       
ASxxxx Linker V03.00 + NoICE + sdld,  page 2.
Hexadecimal  [32-Bits]

Area                                    Addr        Size        Decimal Bytes (Attributes)
--------------------------------        ----        ----        ------- ----- ------------
.  .ABS.                            00000000    00000000 =           0. bytes (ABS,CON)

      Value  Global                              Global Defined In Module
      -----  --------------------------------   ------------------------
     00000001  b_activate_actor                   actor
     00000001  b_activate_actors_in_col           actor
     00000001  b_activate_actors_in_row           actor
     00000001  b_actor_at_tile                    actor
     00000001  b_actor_get_frame_offset           actor
     00000001  b_actor_in_front_of_player         actor
     00000001  b_actor_overlapping_bb             actor
     00000001  b_actor_overlapping_player         actor
     00000001  b_actor_set_anim_idle              actor
     00000001  b_actor_set_anim_moving            actor
     00000001  b_actor_set_dir                    actor
     00000001  b_actor_set_frame_offset           actor
     00000001  b_actor_set_frames                 actor
     00000001  b_actors_handle_player_collision   actor
     00000001  b_actors_init                      actor
     00000001  b_camera_init                      camera
     00000001  b_camera_reset                     camera
     00000001  b_check_collision_in_direction     actor
     00000001  b_deactivate_actor                 actor
     00000001  b_parallax_init                    parallax
     00000001  b_player_init                      actor
     00000001  b_remove_LCD_ISRs                  interrupts
     00000001  b_scroll_init                      scroll
     00000001  b_scroll_repaint                   scroll
     00000001  b_scroll_reset                     scroll
     00000001  b_scroll_update                    scroll
     00000001  b_ui_draw_frame                    ui
     00000001  b_ui_draw_text_buffer_char         ui
     00000001  b_ui_init                          ui
     00000001  b_ui_load_tiles                    ui
     00000001  b_ui_run_menu                      ui
     00000001  b_ui_run_modal                     ui
     00000001  l__GSFINAL                      
     00000001  l__HEADER0                      
     00000001  l__HEADER11                     
     00000001  l__HEADER9                      
     00000001  l__HEADERa                      
     00000001  l__HEADERb                      
     00000001  l__HEADERd                      
     00000001  l__HEADERe                      
     00000002  b_camera_shake_frames              vm_camera
     00000002  b_itoa_fmt                         vm_ui_a
     00000002  b_script_execute                   vm
     00000002  b_script_runner_init               vm
     00000002  b_script_terminate                 vm
     00000002  b_scroll_rect                      
     00000002  b_vm_actor_activate                vm_actor
     00000002  b_vm_actor_deactivate              vm_actor
     00000002  b_vm_actor_emote                   vm_actor
     00000002  b_vm_actor_get_angle               vm_actor
     00000002  b_vm_actor_get_anim_frame          vm_actor
ASxxxx Linker V03.00 + NoICE + sdld,  page 3.
Hexadecimal  [32-Bits]

Area                                    Addr        Size        Decimal Bytes (Attributes)
--------------------------------        ----        ----        ------- ----- ------------
.  .ABS.                            00000000    00000000 =           0. bytes (ABS,CON)

      Value  Global                              Global Defined In Module
      -----  --------------------------------   ------------------------
     00000002  b_vm_actor_get_dir                 vm_actor
     00000002  b_vm_actor_get_pos                 vm_actor
     00000002  b_vm_actor_move_to                 vm_actor
     00000002  b_vm_actor_replace_tile            vm_actor
     00000002  b_vm_actor_set_anim                vm_actor
     00000002  b_vm_actor_set_anim_frame          vm_actor
     00000002  b_vm_actor_set_anim_set            vm_actor
     00000002  b_vm_actor_set_anim_tick           vm_actor
     00000002  b_vm_actor_set_bounds              vm_actor
     00000002  b_vm_actor_set_coll_enabled        vm_actor
     00000002  b_vm_actor_set_dir                 vm_actor
     00000002  b_vm_actor_set_hidden              vm_actor
     00000002  b_vm_actor_set_move_speed          vm_actor
     00000002  b_vm_actor_set_pos                 vm_actor
     00000002  b_vm_actor_set_spritesheet         vm_actor
     00000002  b_vm_actor_set_spritesheet_by_re   vm_actor
     00000002  b_vm_actor_terminate_update        vm_actor
     00000002  b_vm_call                          vm
     00000002  b_vm_call_far                      vm
     00000002  b_vm_call_rel                      vm
     00000002  b_vm_camera_move_to                vm_camera
     00000002  b_vm_camera_set_pos                vm_camera
     00000002  b_vm_choice                        vm_ui
     00000002  b_vm_context_prepare               vm_gameboy
     00000002  b_vm_cos_scale                     vm_math
     00000002  b_vm_display_text                  vm_ui
     00000002  b_vm_fade                          vm_gameboy
     00000002  b_vm_get_indirect                  vm
     00000002  b_vm_get_int16                     vm
     00000002  b_vm_get_int8                      vm
     00000002  b_vm_get_tile_xy                   vm_gameboy
     00000002  b_vm_get_tlocal                    vm
     00000002  b_vm_get_uint8                     vm
     00000002  b_vm_idle                          vm
     00000002  b_vm_if                            vm
     00000002  b_vm_if_const                      vm
     00000002  b_vm_input_attach                  vm_gameboy
     00000002  b_vm_input_detach                  vm_gameboy
     00000002  b_vm_input_get                     vm_gameboy
     00000002  b_vm_input_wait                    vm_gameboy
     00000002  b_vm_invoke                        vm
     00000002  b_vm_join                          vm
     00000002  b_vm_jump                          vm
     00000002  b_vm_jump_rel                      vm
     00000002  b_vm_load_cursor                   vm_ui
     00000002  b_vm_load_frame                    vm_ui
     00000002  b_vm_load_palette                  vm_palette
     00000002  b_vm_lock                          vm
     00000002  b_vm_loop                          vm
     00000002  b_vm_loop_rel                      vm
     00000002  b_vm_memcpy                        vm
ASxxxx Linker V03.00 + NoICE + sdld,  page 4.
Hexadecimal  [32-Bits]

Area                                    Addr        Size        Decimal Bytes (Attributes)
--------------------------------        ----        ----        ------- ----- ------------
.  .ABS.                            00000000    00000000 =           0. bytes (ABS,CON)

      Value  Global                              Global Defined In Module
      -----  --------------------------------   ------------------------
     00000002  b_vm_memset                        vm
     00000002  b_vm_music_mute                    vm_music
     00000002  b_vm_music_play                    vm_music
     00000002  b_vm_music_routine                 vm_music
     00000002  b_vm_music_setpos                  vm_music
     00000002  b_vm_music_stop                    vm_music
     00000002  b_vm_overlay_clear                 vm_ui
     00000002  b_vm_overlay_hide                  vm_ui
     00000002  b_vm_overlay_move_to               vm_ui
     00000002  b_vm_overlay_scroll                vm_ui
     00000002  b_vm_overlay_set_scroll            vm_ui
     00000002  b_vm_overlay_set_submap            vm_ui
     00000002  b_vm_overlay_setpos                vm_ui
     00000002  b_vm_overlay_show                  vm_ui
     00000002  b_vm_overlay_wait                  vm_ui
     00000002  b_vm_poll                          vm_gameboy
     00000002  b_vm_poll_loaded                   vm
     00000002  b_vm_pop                           vm
     00000002  b_vm_projectile_launch             vm_projectiles
     00000002  b_vm_push                          vm
     00000002  b_vm_push_reference                vm
     00000002  b_vm_push_value                    vm
     00000002  b_vm_push_value_ind                vm
     00000002  b_vm_raise                         vm
     00000002  b_vm_rand                          vm
     00000002  b_vm_randomize                     vm
     00000002  b_vm_replace_tile                  vm_gameboy
     00000002  b_vm_replace_tile_xy               vm_gameboy
     00000002  b_vm_reserve                       vm
     00000002  b_vm_ret                           vm
     00000002  b_vm_ret_far                       vm
     00000002  b_vm_rtc_get                       vm_rtc
     00000002  b_vm_rtc_latch                     vm_rtc
     00000002  b_vm_rtc_set                       vm_rtc
     00000002  b_vm_rtc_start                     vm_rtc
     00000002  b_vm_rumble                        vm_gameboy
     00000002  b_vm_save_clear                    vm_load_save
     00000002  b_vm_save_peek                     vm_load_save
     00000002  b_vm_scene_pop                     vm_scene
     00000002  b_vm_scene_pop_all                 vm_scene
     00000002  b_vm_scene_push                    vm_scene
     00000002  b_vm_scene_stack_reset             vm_scene
     00000002  b_vm_set                           vm
     00000002  b_vm_set_const                     vm
     00000002  b_vm_set_const_int16               vm
     00000002  b_vm_set_const_int8                vm
     00000002  b_vm_set_font                      vm_ui
     00000002  b_vm_set_indirect                  vm
     00000002  b_vm_set_int16                     vm
     00000002  b_vm_set_int8                      vm
     00000002  b_vm_set_print_dir                 vm_ui
ASxxxx Linker V03.00 + NoICE + sdld,  page 5.
Hexadecimal  [32-Bits]

Area                                    Addr        Size        Decimal Bytes (Attributes)
--------------------------------        ----        ----        ------- ----- ------------
.  .ABS.                            00000000    00000000 =           0. bytes (ABS,CON)

      Value  Global                              Global Defined In Module
      -----  --------------------------------   ------------------------
     00000002  b_vm_set_sprite_mode               vm_gameboy
     00000002  b_vm_set_sprites_visible           vm_gameboy
     00000002  b_vm_set_text_sound                vm_ui
     00000002  b_vm_set_uint8                     vm
     00000002  b_vm_sin_scale                     vm_math
     00000002  b_vm_sio_exchange                  vm_sio
     00000002  b_vm_sio_set_mode                  vm_sio
     00000002  b_vm_sound_mastervol               vm_music
     00000002  b_vm_sound_play                    vm_music
     00000002  b_vm_switch_text_layer             vm_ui
     00000002  b_vm_systime                       vm
     00000002  b_vm_terminate                     vm
     00000002  b_vm_test_terminate                vm
     00000002  b_vm_timer_prepare                 vm_gameboy
     00000002  b_vm_timer_reset                   vm_gameboy
     00000002  b_vm_timer_set                     vm_gameboy
     00000002  b_vm_timer_stop                    vm_gameboy
     00000002  b_vm_unlock                        vm
     00000002  b_vm_wave_play                     vm_music
     00000002  b_wait_frames                      vm
     00000002  l__HEADER5                      
     00000002  l__HEADERc                      
     00000002  l__HEADERf                      
     00000003  b_adventure_init                   adventure
     00000003  b_adventure_update                 adventure
     00000003  b_logo_init                        logo
     00000003  b_logo_update                      logo
     00000003  b_platform_init                    platform
     00000003  b_platform_update                  platform
     00000003  b_pointnclick_init                 pointnclick
     00000003  b_pointnclick_update               pointnclick
     00000003  b_shmup_init                       shmup
     00000003  b_shmup_update                     shmup
     00000003  b_topdown_init                     topdown
     00000003  b_topdown_update                   topdown
     00000003  l__HEADER8                      
     00000003  l__HEADER_LCD0                  
     00000003  l__HRAM12                       
     00000004  b_SIO_init                         sio
     00000004  b_core_reset                       core
     00000004  b_core_run                         core
     00000004  b_data_clear                       load_save
     00000004  b_data_init                        load_save
     00000004  b_data_load                        load_save
     00000004  b_data_peek                        load_save
     00000004  b_data_save                        load_save
     00000004  b_do_load_palette                  data_manager
     00000004  b_events_init                      events
     00000004  b_fade_applypalettechange          fade_manager
     00000004  b_fade_in                          fade_manager
     00000004  b_fade_in_modal                    fade_manager
ASxxxx Linker V03.00 + NoICE + sdld,  page 6.
Hexadecimal  [32-Bits]

Area                                    Addr        Size        Decimal Bytes (Attributes)
--------------------------------        ----        ----        ------- ----- ------------
.  .ABS.                            00000000    00000000 =           0. bytes (ABS,CON)

      Value  Global                              Global Defined In Module
      -----  --------------------------------   ------------------------
     00000004  b_fade_init                        fade_manager
     00000004  b_fade_out                         fade_manager
     00000004  b_fade_out_modal                   fade_manager
     00000004  b_fade_setspeed                    fade_manager
     00000004  b_fade_update                      fade_manager
     00000004  b_input_init                       input
     00000004  b_load_background                  data_manager
     00000004  b_load_bkg_tileset                 data_manager
     00000004  b_load_bounds                      data_manager
     00000004  b_load_emote                       data_manager
     00000004  b_load_init                        data_manager
     00000004  b_load_player                      data_manager
     00000004  b_load_scene                       data_manager
     00000004  b_load_sprite                      data_manager
     00000004  b_music_events_poll                music_manager
     00000004  b_music_init                       music_manager
     00000004  b_music_stop                       music_manager
     00000004  b_palette_init                     palette
     00000004  b_projectile_launch                projectiles
     00000004  b_projectiles_init                 projectiles
     00000004  b_restore_sram                     flasher
     00000004  b_restore_sram_bank                flasher
     00000004  b_save_sram                        flasher
     00000004  b_set_sample                       sample_player
     00000004  b_set_sgb_border                   sgb_border
     00000004  b_sound_init                       music_manager
     00000004  b_sound_play                       music_manager
     00000004  b_timers_init                      events
     00000004  b_trigger_activate_at              trigger
     00000004  b_trigger_activate_at_intersecti   trigger
     00000004  b_trigger_at_intersection          trigger
     00000004  b_trigger_at_tile                  trigger
     00000004  b_trigger_interact                 trigger
     00000004  b_trigger_reset                    trigger
     00000004  b_wave_play                        music_manager
     00000004  l__CRASH_HEADER1                
     00000004  l__HEADER_SIO0                  
     00000004  l__HEADER_TIMER0                
     00000005  ___bank_scene_33_collisions        scene_33_collisions
     00000005  ___bank_script_input_1             script_input_1
     00000005  ___bank_script_s7_init             script_s7_init
     00000005  ___bank_script_s7a3_update         script_s7a3_update
     00000005  ___bank_tilemap_0                  tilemap_0
     00000005  ___bank_tileset_43                 tileset_43
     00000005  l__CRASH_HEADER0                
     00000005  l__HEADER1                      
     00000006  ___bank_script_item_interactable   script_item_interactable_inv
     00000006  ___bank_script_s13a1_interact      script_s13a1_interact
     00000006  ___bank_script_s16a1_interact      script_s16a1_interact
     00000006  ___bank_spritesheet_none           spritesheet_none
     00000006  ___bank_tileset_24                 tileset_24
ASxxxx Linker V03.00 + NoICE + sdld,  page 7.
Hexadecimal  [32-Bits]

Area                                    Addr        Size        Decimal Bytes (Attributes)
--------------------------------        ----        ----        ------- ----- ------------
.  .ABS.                            00000000    00000000 =           0. bytes (ABS,CON)

      Value  Global                              Global Defined In Module
      -----  --------------------------------   ------------------------
     00000006  ___bank_tileset_26                 tileset_26
     00000006  ___bank_tileset_27                 tileset_27
     00000006  l__HEADER7                      
     00000007  ___bank_font_0                     font_0
     00000007  ___bank_tileset_11                 tileset_11
     00000007  ___bank_tileset_23                 tileset_23
     00000007  ___bank_tileset_25                 tileset_25
     00000007  ___bank_tileset_4                  tileset_4
     00000007  l__HEADER2                      
     00000008  ___bank_scene_11_collisions        scene_11_collisions
     00000008  ___bank_scene_12_collisions        scene_12_collisions
     00000008  ___bank_scene_13_sprites           scene_13_sprites
     00000008  ___bank_scene_1_sprites            scene_1_sprites
     00000008  ___bank_tileset_12                 tileset_12
     00000008  ___bank_tileset_19                 tileset_19
     00000008  ___bank_tileset_20                 tileset_20
     00000008  ___bank_tileset_7                  tileset_7
     00000008  l__HEADER3                      
     00000009  ___bank_scene_19_actors            scene_19_actors
     00000009  ___bank_tilemap_21                 tilemap_21
     00000009  ___bank_tilemap_22                 tilemap_22
     00000009  ___bank_tileset_0                  tileset_0
     00000009  ___bank_tileset_13                 tileset_13
     00000009  ___bank_tileset_14                 tileset_14
     00000009  ___bank_tileset_15                 tileset_15
     00000009  ___bank_tileset_16                 tileset_16
     0000000A  ___bank_music_track_0__Data        music_track_0__Data
     0000000A  ___bank_scene_16_collisions        scene_16_collisions
     0000000A  ___bank_scene_19_collisions        scene_19_collisions
     0000000A  ___bank_scene_8_collisions         scene_8_collisions
     0000000A  ___bank_script_s19a1_interact      script_s19a1_interact
     0000000A  ___bank_script_s7a0_interact       script_s7a0_interact
     0000000A  ___bank_script_timer_5             script_timer_5
     0000000A  ___bank_tilemap_5                  tilemap_5
     0000000A  ___bank_tilemap_6                  tilemap_6
     0000000A  ___bank_tileset_17                 tileset_17
     0000000A  ___bank_tileset_42                 tileset_42
     0000000A  ___bank_tileset_8                  tileset_8
     0000000B  ___bank_avatar_font_0              avatar_font_0
     0000000B  ___bank_palette_0                  palette_0
     0000000B  ___bank_scene_17_collisions        scene_17_collisions
     0000000B  ___bank_scene_20_collisions        scene_20_collisions
     0000000B  ___bank_scene_8_actors             scene_8_actors
     0000000B  ___bank_script_s10a5_interact      script_s10a5_interact
     0000000B  ___bank_script_s1a3_interact       script_s1a3_interact
     0000000B  ___bank_script_s7a1_interact       script_s7a1_interact
     0000000B  ___bank_script_s7a2_interact       script_s7a2_interact
     0000000B  ___bank_script_s8a1_update         script_s8a1_update
     0000000B  ___bank_script_s8t1_interact       script_s8t1_interact
     0000000B  ___bank_script_s8t3_interact       script_s8t3_interact
     0000000B  ___bank_tilemap_13                 tilemap_13
ASxxxx Linker V03.00 + NoICE + sdld,  page 8.
Hexadecimal  [32-Bits]

Area                                    Addr        Size        Decimal Bytes (Attributes)
--------------------------------        ----        ----        ------- ----- ------------
.  .ABS.                            00000000    00000000 =           0. bytes (ABS,CON)

      Value  Global                              Global Defined In Module
      -----  --------------------------------   ------------------------
     0000000B  ___bank_tileset_1                  tileset_1
     0000000B  ___bank_tileset_21                 tileset_21
     0000000B  ___bank_tileset_22                 tileset_22
     0000000B  ___bank_tileset_3                  tileset_3
     0000000B  ___bank_tileset_49                 tileset_49
     0000000B  ___bank_tileset_6                  tileset_6
     0000000C  ___bank_scene_0_collisions         scene_0_collisions
     0000000C  ___bank_scene_10_collisions        scene_10_collisions
     0000000C  ___bank_scene_13_collisions        scene_13_collisions
     0000000C  ___bank_scene_14_actors            scene_14_actors
     0000000C  ___bank_scene_14_collisions        scene_14_collisions
     0000000C  ___bank_scene_15_collisions        scene_15_collisions
     0000000C  ___bank_scene_18_collisions        scene_18_collisions
     0000000C  ___bank_scene_1_collisions         scene_1_collisions
     0000000C  ___bank_script_input_6             script_input_6
     0000000C  ___bank_script_input_7             script_input_7
     0000000C  ___bank_script_s10t0_interact      script_s10t0_interact
     0000000C  ___bank_script_s10t1_interact      script_s10t1_interact
     0000000C  ___bank_script_s10t2_interact      script_s10t2_interact
     0000000C  ___bank_script_s10t3_interact      script_s10t3_interact
     0000000C  ___bank_script_s10t4_interact      script_s10t4_interact
     0000000C  ___bank_script_s10t5_interact      script_s10t5_interact
     0000000C  ___bank_script_s10t6_interact      script_s10t6_interact
     0000000C  ___bank_script_s10t7_interact      script_s10t7_interact
     0000000C  ___bank_script_s10t8_interact      script_s10t8_interact
     0000000C  ___bank_script_s10t9_interact      script_s10t9_interact
     0000000C  ___bank_script_s13a0_interact      script_s13a0_interact
     0000000C  ___bank_script_s14_init            script_s14_init
     0000000C  ___bank_script_s14a1_interact      script_s14a1_interact
     0000000C  ___bank_script_s15t0_interact      script_s15t0_interact
     0000000C  ___bank_script_s15t1_interact      script_s15t1_interact
     0000000C  ___bank_script_s1_init             script_s1_init
     0000000C  ___bank_script_s1a1_update         script_s1a1_update
     0000000C  ___bank_script_s7t2_interact       script_s7t2_interact
     0000000C  ___bank_script_s7t3_interact       script_s7t3_interact
     0000000C  ___bank_tilemap_10                 tilemap_10
     0000000C  ___bank_tilemap_11                 tilemap_11
     0000000C  ___bank_tilemap_8                  tilemap_8
     0000000C  ___bank_tilemap_9                  tilemap_9
     0000000C  ___bank_tileset_2                  tileset_2
     0000000C  ___bank_tileset_38                 tileset_38
     0000000C  ___bank_tileset_40                 tileset_40
     0000000C  ___bank_tileset_5                  tileset_5
     0000000C  __start_save                    
     0000000D  ___bank_scene_10_actors            scene_10_actors
     0000000D  ___bank_scene_13_actors            scene_13_actors
     0000000D  ___bank_scene_1_actors             scene_1_actors
     0000000D  ___bank_scene_21_collisions        scene_21_collisions
     0000000D  ___bank_scene_22_collisions        scene_22_collisions
     0000000D  ___bank_scene_23_collisions        scene_23_collisions
     0000000D  ___bank_scene_24_collisions        scene_24_collisions
ASxxxx Linker V03.00 + NoICE + sdld,  page 9.
Hexadecimal  [32-Bits]

Area                                    Addr        Size        Decimal Bytes (Attributes)
--------------------------------        ----        ----        ------- ----- ------------
.  .ABS.                            00000000    00000000 =           0. bytes (ABS,CON)

      Value  Global                              Global Defined In Module
      -----  --------------------------------   ------------------------
     0000000D  ___bank_scene_25_collisions        scene_25_collisions
     0000000D  ___bank_scene_26_collisions        scene_26_collisions
     0000000D  ___bank_scene_27_collisions        scene_27_collisions
     0000000D  ___bank_scene_28_collisions        scene_28_collisions
     0000000D  ___bank_scene_29_collisions        scene_29_collisions
     0000000D  ___bank_scene_2_collisions         scene_2_collisions
     0000000D  ___bank_scene_30_collisions        scene_30_collisions
     0000000D  ___bank_scene_31_collisions        scene_31_collisions
     0000000D  ___bank_scene_32_collisions        scene_32_collisions
     0000000D  ___bank_scene_3_collisions         scene_3_collisions
     0000000D  ___bank_scene_4_collisions         scene_4_collisions
     0000000D  ___bank_scene_5_collisions         scene_5_collisions
     0000000D  ___bank_scene_6_collisions         scene_6_collisions
     0000000D  ___bank_scene_7_collisions         scene_7_collisions
     0000000D  ___bank_scene_9_collisions         scene_9_collisions
     0000000D  ___bank_script_s0_init             script_s0_init
     0000000D  ___bank_script_s13a4_interact      script_s13a4_interact
     0000000D  ___bank_script_s14a0_interact      script_s14a0_interact
     0000000D  ___bank_tilemap_1                  tilemap_1
     0000000D  ___bank_tilemap_12                 tilemap_12
     0000000D  ___bank_tilemap_14                 tilemap_14
     0000000D  ___bank_tilemap_15                 tilemap_15
     0000000D  ___bank_tilemap_16                 tilemap_16
     0000000D  ___bank_tilemap_17                 tilemap_17
     0000000D  ___bank_tilemap_18                 tilemap_18
     0000000D  ___bank_tilemap_19                 tilemap_19
     0000000D  ___bank_tilemap_2                  tilemap_2
     0000000D  ___bank_tilemap_20                 tilemap_20
     0000000D  ___bank_tilemap_23                 tilemap_23
     0000000D  ___bank_tilemap_24                 tilemap_24
     0000000D  ___bank_tilemap_25                 tilemap_25
     0000000D  ___bank_tilemap_26                 tilemap_26
     0000000D  ___bank_tilemap_27                 tilemap_27
     0000000D  ___bank_tilemap_28                 tilemap_28
     0000000D  ___bank_tilemap_29                 tilemap_29
     0000000D  ___bank_tilemap_3                  tilemap_3
     0000000D  ___bank_tilemap_30                 tilemap_30
     0000000D  ___bank_tilemap_4                  tilemap_4
     0000000D  ___bank_tilemap_7                  tilemap_7
     0000000E  ___bank_frame_image                frame_image
     0000000E  ___bank_scene_15_actors            scene_15_actors
     0000000E  ___bank_scene_16_triggers          scene_16_triggers
     0000000E  ___bank_scene_28_actors            scene_28_actors
     0000000E  ___bank_scene_7_actors             scene_7_actors
     0000000E  ___bank_scene_9_actors             scene_9_actors
     0000000E  ___bank_script_input_0             script_input_0
     0000000E  ___bank_script_input_10            script_input_10
     0000000E  ___bank_script_input_8             script_input_8
     0000000E  ___bank_script_input_9             script_input_9
     0000000E  ___bank_script_item_init_inv       script_item_init_inv
     0000000E  ___bank_script_s0a0_update         script_s0a0_update
ASxxxx Linker V03.00 + NoICE + sdld,  page 10.
Hexadecimal  [32-Bits]

Area                                    Addr        Size        Decimal Bytes (Attributes)
--------------------------------        ----        ----        ------- ----- ------------
.  .ABS.                            00000000    00000000 =           0. bytes (ABS,CON)

      Value  Global                              Global Defined In Module
      -----  --------------------------------   ------------------------
     0000000E  ___bank_script_s10a4_interact      script_s10a4_interact
     0000000E  ___bank_script_s14a2_interact      script_s14a2_interact
     0000000E  ___bank_script_s14a4_interact      script_s14a4_interact
     0000000E  ___bank_script_s14a8_update        script_s14a8_update
     0000000E  ___bank_script_s14a9_interact      script_s14a9_interact
     0000000E  ___bank_script_s15_init            script_s15_init
     0000000E  ___bank_script_s15t2_interact      script_s15t2_interact
     0000000E  ___bank_script_s15t3_interact      script_s15t3_interact
     0000000E  ___bank_script_s16a0_update        script_s16a0_update
     0000000E  ___bank_script_s16t0_interact      script_s16t0_interact
     0000000E  ___bank_script_s16t10_interact     script_s16t10_interact
     0000000E  ___bank_script_s16t11_interact     script_s16t11_interact
     0000000E  ___bank_script_s16t12_interact     script_s16t12_interact
     0000000E  ___bank_script_s16t13_interact     script_s16t13_interact
     0000000E  ___bank_script_s16t14_interact     script_s16t14_interact
     0000000E  ___bank_script_s16t15_interact     script_s16t15_interact
     0000000E  ___bank_script_s16t16_interact     script_s16t16_interact
     0000000E  ___bank_script_s16t17_interact     script_s16t17_interact
     0000000E  ___bank_script_s16t18_interact     script_s16t18_interact
     0000000E  ___bank_script_s16t1_interact      script_s16t1_interact
     0000000E  ___bank_script_s16t2_interact      script_s16t2_interact
     0000000E  ___bank_script_s16t3_interact      script_s16t3_interact
     0000000E  ___bank_script_s16t4_interact      script_s16t4_interact
     0000000E  ___bank_script_s16t5_interact      script_s16t5_interact
     0000000E  ___bank_script_s16t6_interact      script_s16t6_interact
     0000000E  ___bank_script_s16t7_interact      script_s16t7_interact
     0000000E  ___bank_script_s16t8_interact      script_s16t8_interact
     0000000E  ___bank_script_s16t9_interact      script_s16t9_interact
     0000000E  ___bank_script_s17a0_update        script_s17a0_update
     0000000E  ___bank_script_s18a0_update        script_s18a0_update
     0000000E  ___bank_script_s18t0_interact      script_s18t0_interact
     0000000E  ___bank_script_s19a1_update        script_s19a1_update
     0000000E  ___bank_script_s19t2_interact      script_s19t2_interact
     0000000E  ___bank_script_s19t3_interact      script_s19t3_interact
     0000000E  ___bank_script_s1a2_interact       script_s1a2_interact
     0000000E  ___bank_script_s1a5_update         script_s1a5_update
     0000000E  ___bank_script_s1a6_interact       script_s1a6_interact
     0000000E  ___bank_script_s27_init            script_s27_init
     0000000E  ___bank_script_s28a2_interact      script_s28a2_interact
     0000000E  ___bank_script_s29_init            script_s29_init
     0000000E  ___bank_script_s31_init            script_s31_init
     0000000E  ___bank_script_s7a4_update         script_s7a4_update
     0000000E  ___bank_script_s8_init             script_s8_init
     0000000E  ___bank_script_s8a5_update         script_s8a5_update
     0000000E  ___bank_script_s9a0_interact       script_s9a0_interact
     0000000E  ___bank_script_s9a4_update         script_s9a4_update
     0000000E  ___bank_spritesheet_11             spritesheet_11
     0000000E  ___bank_spritesheet_13             spritesheet_13
     0000000E  ___bank_spritesheet_20             spritesheet_20
     0000000E  ___bank_spritesheet_9              spritesheet_9
     0000000E  ___bank_tileset_10                 tileset_10
ASxxxx Linker V03.00 + NoICE + sdld,  page 11.
Hexadecimal  [32-Bits]

Area                                    Addr        Size        Decimal Bytes (Attributes)
--------------------------------        ----        ----        ------- ----- ------------
.  .ABS.                            00000000    00000000 =           0. bytes (ABS,CON)

      Value  Global                              Global Defined In Module
      -----  --------------------------------   ------------------------
     0000000E  ___bank_tileset_18                 tileset_18
     0000000E  ___bank_tileset_28                 tileset_28
     0000000E  ___bank_tileset_37                 tileset_37
     0000000E  ___bank_tileset_45                 tileset_45
     0000000E  ___bank_tileset_46                 tileset_46
     0000000E  ___bank_tileset_48                 tileset_48
     0000000E  ___bank_tileset_50                 tileset_50
     0000000E  ___bank_tileset_54                 tileset_54
     0000000E  ___bank_tileset_9                  tileset_9
     0000000F  ___bank_background_0               background_0
     0000000F  ___bank_background_1               background_1
     0000000F  ___bank_background_10              background_10
     0000000F  ___bank_background_11              background_11
     0000000F  ___bank_background_12              background_12
     0000000F  ___bank_background_13              background_13
     0000000F  ___bank_background_14              background_14
     0000000F  ___bank_background_15              background_15
     0000000F  ___bank_background_16              background_16
     0000000F  ___bank_background_17              background_17
     0000000F  ___bank_background_18              background_18
     0000000F  ___bank_background_19              background_19
     0000000F  ___bank_background_2               background_2
     0000000F  ___bank_background_20              background_20
     0000000F  ___bank_background_21              background_21
     0000000F  ___bank_background_22              background_22
     0000000F  ___bank_background_23              background_23
     0000000F  ___bank_background_24              background_24
     0000000F  ___bank_background_25              background_25
     0000000F  ___bank_background_26              background_26
     0000000F  ___bank_background_27              background_27
     0000000F  ___bank_background_28              background_28
     0000000F  ___bank_background_29              background_29
     0000000F  ___bank_background_3               background_3
     0000000F  ___bank_background_30              background_30
     0000000F  ___bank_background_4               background_4
     0000000F  ___bank_background_5               background_5
     0000000F  ___bank_background_6               background_6
     0000000F  ___bank_background_7               background_7
     0000000F  ___bank_background_8               background_8
     0000000F  ___bank_background_9               background_9
     0000000F  ___bank_bootstrap_script           
     0000000F  ___bank_cursor_image               cursor_image
     0000000F  ___bank_palette_1                  palette_1
     0000000F  ___bank_scene_0                    scene_0
     0000000F  ___bank_scene_0_actors             scene_0_actors
     0000000F  ___bank_scene_1                    scene_1
     0000000F  ___bank_scene_10                   scene_10
     0000000F  ___bank_scene_10_sprites           scene_10_sprites
     0000000F  ___bank_scene_10_triggers          scene_10_triggers
     0000000F  ___bank_scene_11                   scene_11
     0000000F  ___bank_scene_12                   scene_12
ASxxxx Linker V03.00 + NoICE + sdld,  page 12.
Hexadecimal  [32-Bits]

Area                                    Addr        Size        Decimal Bytes (Attributes)
--------------------------------        ----        ----        ------- ----- ------------
.  .ABS.                            00000000    00000000 =           0. bytes (ABS,CON)

      Value  Global                              Global Defined In Module
      -----  --------------------------------   ------------------------
     0000000F  ___bank_scene_13                   scene_13
     0000000F  ___bank_scene_14                   scene_14
     0000000F  ___bank_scene_14_sprites           scene_14_sprites
     0000000F  ___bank_scene_14_triggers          scene_14_triggers
     0000000F  ___bank_scene_15                   scene_15
     0000000F  ___bank_scene_15_sprites           scene_15_sprites
     0000000F  ___bank_scene_15_triggers          scene_15_triggers
     0000000F  ___bank_scene_16                   scene_16
     0000000F  ___bank_scene_16_actors            scene_16_actors
     0000000F  ___bank_scene_16_sprites           scene_16_sprites
     0000000F  ___bank_scene_17                   scene_17
     0000000F  ___bank_scene_17_actors            scene_17_actors
     0000000F  ___bank_scene_17_sprites           scene_17_sprites
     0000000F  ___bank_scene_17_triggers          scene_17_triggers
     0000000F  ___bank_scene_18                   scene_18
     0000000F  ___bank_scene_18_actors            scene_18_actors
     0000000F  ___bank_scene_18_triggers          scene_18_triggers
     0000000F  ___bank_scene_19                   scene_19
     0000000F  ___bank_scene_19_sprites           scene_19_sprites
     0000000F  ___bank_scene_19_triggers          scene_19_triggers
     0000000F  ___bank_scene_1_triggers           scene_1_triggers
     0000000F  ___bank_scene_2                    scene_2
     0000000F  ___bank_scene_20                   scene_20
     0000000F  ___bank_scene_21                   scene_21
     0000000F  ___bank_scene_22                   scene_22
     0000000F  ___bank_scene_23                   scene_23
     0000000F  ___bank_scene_24                   scene_24
     0000000F  ___bank_scene_25                   scene_25
     0000000F  ___bank_scene_26                   scene_26
     0000000F  ___bank_scene_27                   scene_27
     0000000F  ___bank_scene_28                   scene_28
     0000000F  ___bank_scene_28_sprites           scene_28_sprites
     0000000F  ___bank_scene_29                   scene_29
     0000000F  ___bank_scene_3                    scene_3
     0000000F  ___bank_scene_30                   scene_30
     0000000F  ___bank_scene_31                   scene_31
     0000000F  ___bank_scene_32                   scene_32
     0000000F  ___bank_scene_33                   scene_33
     0000000F  ___bank_scene_33_actors            scene_33_actors
     0000000F  ___bank_scene_33_sprites           scene_33_sprites
     0000000F  ___bank_scene_4                    scene_4
     0000000F  ___bank_scene_5                    scene_5
     0000000F  ___bank_scene_6                    scene_6
     0000000F  ___bank_scene_7                    scene_7
     0000000F  ___bank_scene_7_sprites            scene_7_sprites
     0000000F  ___bank_scene_7_triggers           scene_7_triggers
     0000000F  ___bank_scene_8                    scene_8
     0000000F  ___bank_scene_8_sprites            scene_8_sprites
     0000000F  ___bank_scene_8_triggers           scene_8_triggers
     0000000F  ___bank_scene_9                    scene_9
     0000000F  ___bank_scene_9_sprites            scene_9_sprites
ASxxxx Linker V03.00 + NoICE + sdld,  page 13.
Hexadecimal  [32-Bits]

Area                                    Addr        Size        Decimal Bytes (Attributes)
--------------------------------        ----        ----        ------- ----- ------------
.  .ABS.                            00000000    00000000 =           0. bytes (ABS,CON)

      Value  Global                              Global Defined In Module
      -----  --------------------------------   ------------------------
     0000000F  ___bank_scene_9_triggers           scene_9_triggers
     0000000F  ___bank_script_engine_init         
     0000000F  ___bank_script_input_11            script_input_11
     0000000F  ___bank_script_input_12            script_input_12
     0000000F  ___bank_script_input_13            script_input_13
     0000000F  ___bank_script_input_14            script_input_14
     0000000F  ___bank_script_input_15            script_input_15
     0000000F  ___bank_script_input_16            script_input_16
     0000000F  ___bank_script_input_17            script_input_17
     0000000F  ___bank_script_input_2             script_input_2
     0000000F  ___bank_script_input_3             script_input_3
     0000000F  ___bank_script_input_4             script_input_4
     0000000F  ___bank_script_input_5             script_input_5
     0000000F  ___bank_script_menu_start_button   script_menu_start_button_bef
     0000000F  ___bank_script_s10_init            script_s10_init
     0000000F  ___bank_script_s10a0_interact      script_s10a0_interact
     0000000F  ___bank_script_s10a1_interact      script_s10a1_interact
     0000000F  ___bank_script_s10a2_interact      script_s10a2_interact
     0000000F  ___bank_script_s10a3_interact      script_s10a3_interact
     0000000F  ___bank_script_s10a4_update        script_s10a4_update
     0000000F  ___bank_script_s10a6_interact      script_s10a6_interact
     0000000F  ___bank_script_s11_init            script_s11_init
     0000000F  ___bank_script_s12_init            script_s12_init
     0000000F  ___bank_script_s13_init            script_s13_init
     0000000F  ___bank_script_s13a2_interact      script_s13a2_interact
     0000000F  ___bank_script_s13a3_interact      script_s13a3_interact
     0000000F  ___bank_script_s13a5_interact      script_s13a5_interact
     0000000F  ___bank_script_s13a6_interact      script_s13a6_interact
     0000000F  ___bank_script_s14a3_interact      script_s14a3_interact
     0000000F  ___bank_script_s14a5_interact      script_s14a5_interact
     0000000F  ___bank_script_s14a6_interact      script_s14a6_interact
     0000000F  ___bank_script_s14a7_interact      script_s14a7_interact
     0000000F  ___bank_script_s14t0_interact      script_s14t0_interact
     0000000F  ___bank_script_s14t1_interact      script_s14t1_interact
     0000000F  ___bank_script_s15a0_interact      script_s15a0_interact
     0000000F  ___bank_script_s15a0_update        script_s15a0_update
     0000000F  ___bank_script_s15a1_interact      script_s15a1_interact
     0000000F  ___bank_script_s15a2_interact      script_s15a2_interact
     0000000F  ___bank_script_s15a3_interact      script_s15a3_interact
     0000000F  ___bank_script_s15a4_update        script_s15a4_update
     0000000F  ___bank_script_s16_init            script_s16_init
     0000000F  ___bank_script_s16t19_interact     script_s16t19_interact
     0000000F  ___bank_script_s16t20_interact     script_s16t20_interact
     0000000F  ___bank_script_s17_init            script_s17_init
     0000000F  ___bank_script_s17a1_interact      script_s17a1_interact
     0000000F  ___bank_script_s17t0_interact      script_s17t0_interact
     0000000F  ___bank_script_s18_init            script_s18_init
     0000000F  ___bank_script_s19_init            script_s19_init
     0000000F  ___bank_script_s19t0_interact      script_s19t0_interact
     0000000F  ___bank_script_s19t1_interact      script_s19t1_interact
     0000000F  ___bank_script_s19t4_interact      script_s19t4_interact
ASxxxx Linker V03.00 + NoICE + sdld,  page 14.
Hexadecimal  [32-Bits]

Area                                    Addr        Size        Decimal Bytes (Attributes)
--------------------------------        ----        ----        ------- ----- ------------
.  .ABS.                            00000000    00000000 =           0. bytes (ABS,CON)

      Value  Global                              Global Defined In Module
      -----  --------------------------------   ------------------------
     0000000F  ___bank_script_s1a0_interact       script_s1a0_interact
     0000000F  ___bank_script_s1a1_interact       script_s1a1_interact
     0000000F  ___bank_script_s1a4_interact       script_s1a4_interact
     0000000F  ___bank_script_s1t0_interact       script_s1t0_interact
     0000000F  ___bank_script_s1t1_interact       script_s1t1_interact
     0000000F  ___bank_script_s20_init            script_s20_init
     0000000F  ___bank_script_s21_init            script_s21_init
     0000000F  ___bank_script_s22_init            script_s22_init
     0000000F  ___bank_script_s23_init            script_s23_init
     0000000F  ___bank_script_s24_init            script_s24_init
     0000000F  ___bank_script_s25_init            script_s25_init
     0000000F  ___bank_script_s26_init            script_s26_init
     0000000F  ___bank_script_s28_init            script_s28_init
     0000000F  ___bank_script_s28a0_interact      script_s28a0_interact
     0000000F  ___bank_script_s28a1_interact      script_s28a1_interact
     0000000F  ___bank_script_s2_init             script_s2_init
     0000000F  ___bank_script_s30_init            script_s30_init
     0000000F  ___bank_script_s32_init            script_s32_init
     0000000F  ___bank_script_s33_init            script_s33_init
     0000000F  ___bank_script_s33a0_interact      script_s33a0_interact
     0000000F  ___bank_script_s3_init             script_s3_init
     0000000F  ___bank_script_s4_init             script_s4_init
     0000000F  ___bank_script_s5_init             script_s5_init
     0000000F  ___bank_script_s6_init             script_s6_init
     0000000F  ___bank_script_s7a5_update         script_s7a5_update
     0000000F  ___bank_script_s7t0_interact       script_s7t0_interact
     0000000F  ___bank_script_s7t1_interact       script_s7t1_interact
     0000000F  ___bank_script_s8t0_interact       script_s8t0_interact
     0000000F  ___bank_script_s8t2_interact       script_s8t2_interact
     0000000F  ___bank_script_s9_init             script_s9_init
     0000000F  ___bank_script_s9a1_interact       script_s9a1_interact
     0000000F  ___bank_script_s9a2_interact       script_s9a2_interact
     0000000F  ___bank_script_s9a3_interact       script_s9a3_interact
     0000000F  ___bank_script_s9t0_interact       script_s9t0_interact
     0000000F  ___bank_script_timer_0             script_timer_0
     0000000F  ___bank_script_timer_1             script_timer_1
     0000000F  ___bank_script_timer_2             script_timer_2
     0000000F  ___bank_script_timer_3             script_timer_3
     0000000F  ___bank_script_timer_4             script_timer_4
     0000000F  ___bank_spritesheet_0              spritesheet_0
     0000000F  ___bank_spritesheet_1              spritesheet_1
     0000000F  ___bank_spritesheet_10             spritesheet_10
     0000000F  ___bank_spritesheet_12             spritesheet_12
     0000000F  ___bank_spritesheet_14             spritesheet_14
     0000000F  ___bank_spritesheet_15             spritesheet_15
     0000000F  ___bank_spritesheet_16             spritesheet_16
     0000000F  ___bank_spritesheet_17             spritesheet_17
     0000000F  ___bank_spritesheet_18             spritesheet_18
     0000000F  ___bank_spritesheet_19             spritesheet_19
     0000000F  ___bank_spritesheet_2              spritesheet_2
     0000000F  ___bank_spritesheet_21             spritesheet_21
ASxxxx Linker V03.00 + NoICE + sdld,  page 15.
Hexadecimal  [32-Bits]

Area                                    Addr        Size        Decimal Bytes (Attributes)
--------------------------------        ----        ----        ------- ----- ------------
.  .ABS.                            00000000    00000000 =           0. bytes (ABS,CON)

      Value  Global                              Global Defined In Module
      -----  --------------------------------   ------------------------
     0000000F  ___bank_spritesheet_22             spritesheet_22
     0000000F  ___bank_spritesheet_23             spritesheet_23
     0000000F  ___bank_spritesheet_24             spritesheet_24
     0000000F  ___bank_spritesheet_25             spritesheet_25
     0000000F  ___bank_spritesheet_3              spritesheet_3
     0000000F  ___bank_spritesheet_4              spritesheet_4
     0000000F  ___bank_spritesheet_5              spritesheet_5
     0000000F  ___bank_spritesheet_6              spritesheet_6
     0000000F  ___bank_spritesheet_7              spritesheet_7
     0000000F  ___bank_spritesheet_8              spritesheet_8
     0000000F  ___bank_tileset_29                 tileset_29
     0000000F  ___bank_tileset_30                 tileset_30
     0000000F  ___bank_tileset_31                 tileset_31
     0000000F  ___bank_tileset_32                 tileset_32
     0000000F  ___bank_tileset_33                 tileset_33
     0000000F  ___bank_tileset_34                 tileset_34
     0000000F  ___bank_tileset_35                 tileset_35
     0000000F  ___bank_tileset_36                 tileset_36
     0000000F  ___bank_tileset_39                 tileset_39
     0000000F  ___bank_tileset_41                 tileset_41
     0000000F  ___bank_tileset_44                 tileset_44
     0000000F  ___bank_tileset_47                 tileset_47
     0000000F  ___bank_tileset_51                 tileset_51
     0000000F  ___bank_tileset_52                 tileset_52
     0000000F  ___bank_tileset_53                 tileset_53
     00000010  l__INITIALIZED                  
     00000010  l__INITIALIZER                  
     00000030  l__HEADER6                      
     00000033  l__GSINIT                       
     0000004E  l__HEADER4                      
     00000082  l__HEADER10                     
     000001CB  l__CRASH_SCRATCH2               
     00000200  s__CODE                         
     0000066B  l__CODE                         
     0000086B  s__HOME                         
     000018FD  l__DATA                         
     00002000  _rROMB0                            
     000026A6  l__HOME                         
     00002789  l__CODE_4                       
     00002984  l__CODE_15                      
     00002A11  l__CODE_3                       
     00002F11  s__BASE                         
     00002F11  s__CODE_0                       
     00002F11  s__INITIALIZER                  
     00002F11  s__LIT                          
     00002F21  s__GSINIT                       
     00002F54  s__GSFINAL                      
     00002FB2  l__CODE_1                       
     00003000  _rROMB1                            
     0000380D  l__CODE_2                       
     00003FFE  l__CODE_13                      
ASxxxx Linker V03.00 + NoICE + sdld,  page 16.
Hexadecimal  [32-Bits]

Area                                    Addr        Size        Decimal Bytes (Attributes)
--------------------------------        ----        ----        ------- ----- ------------
.  .ABS.                            00000000    00000000 =           0. bytes (ABS,CON)

      Value  Global                              Global Defined In Module
      -----  --------------------------------   ------------------------
     00003FFF  l__CODE_11                      
     00003FFF  l__CODE_12                      
     00003FFF  l__CODE_14                      
     00004000  _RTC_SELECT_REG                    vm_rtc
     00004000  _rRAMB                             
     00004000  l__CODE_10                      
     00004000  l__CODE_5                       
     00004000  l__CODE_6                       
     00004000  l__CODE_7                       
     00004000  l__CODE_8                       
     00004000  l__CODE_9                       
     00006000  _RTC_LATCH_REG                     vm_rtc
     00008000  __VRAM                             
     00008000  __VRAM8000                         
     00008800  __VRAM8800                         
     00009000  __VRAM9000                         
     00009800  __SCRN0                            
     00009C00  __SCRN1                            
     0000A000  _RTC_VALUE_REG                     vm_rtc
     0000A000  __SRAM                             
     0000C000  __RAM                              
     0000C000  _shadow_OAM                     
     0000C0A0  s__DATA                         
     0000D000  __RAMBANK                          
     0000D99D  s__BSS                          
     0000D99D  s__INITIALIZED                  
     0000D9AD  s__HEAP                         
     0000DF00  .STACK                          
     0000DF00  _shadow_OAM2                       absolute
     0000DFA0  _BkgPalette                        absolute
     0000DFE0  _vwf_tile_data                     absolute
     0000FE00  __OAMRAM                           
     0000FF00  _P1_REG                            
     0000FF00  __IO                               
     0000FF01  _SB_REG                            
     0000FF02  _SC_REG                            
     0000FF04  _DIV_REG                           
     0000FF05  _TIMA_REG                          
     0000FF06  _TMA_REG                           
     0000FF07  _TAC_REG                           
     0000FF0F  _IF_REG                            
     0000FF10  _NR10_REG                          
     0000FF11  _NR11_REG                          
     0000FF12  _NR12_REG                          
     0000FF13  _NR13_REG                          
     0000FF14  _NR14_REG                          
     0000FF16  _NR21_REG                          
     0000FF17  _NR22_REG                          
     0000FF18  _NR23_REG                          
     0000FF19  _NR24_REG                          
     0000FF1A  _NR30_REG                          
ASxxxx Linker V03.00 + NoICE + sdld,  page 17.
Hexadecimal  [32-Bits]

Area                                    Addr        Size        Decimal Bytes (Attributes)
--------------------------------        ----        ----        ------- ----- ------------
.  .ABS.                            00000000    00000000 =           0. bytes (ABS,CON)

      Value  Global                              Global Defined In Module
      -----  --------------------------------   ------------------------
     0000FF1B  _NR31_REG                          
     0000FF1C  _NR32_REG                          
     0000FF1D  _NR33_REG                          
     0000FF1E  _NR34_REG                          
     0000FF20  _NR41_REG                          
     0000FF21  _NR42_REG                          
     0000FF22  _NR43_REG                          
     0000FF23  _NR44_REG                          
     0000FF24  _NR50_REG                          
     0000FF25  _NR51_REG                          
     0000FF26  _NR52_REG                          
     0000FF30  _AUD3WAVE                          
     0000FF30  _PCM_SAMPLE                        
     0000FF30  __AUD3WAVERAM                      
     0000FF40  _LCDC_REG                          
     0000FF41  _STAT_REG                          
     0000FF42  _SCY_REG                           
     0000FF43  _SCX_REG                           
     0000FF44  _LY_REG                            
     0000FF45  _LYC_REG                           
     0000FF46  _DMA_REG                           
     0000FF47  _BGP_REG                           
     0000FF48  _OBP0_REG                          
     0000FF49  _OBP1_REG                          
     0000FF4A  _WY_REG                            
     0000FF4B  _WX_REG                            
     0000FF4D  _KEY1_REG                          
     0000FF4F  _VBK_REG                           
     0000FF51  _HDMA1_REG                         
     0000FF52  _HDMA2_REG                         
     0000FF53  _HDMA3_REG                         
     0000FF54  _HDMA4_REG                         
     0000FF55  _HDMA5_REG                         
     0000FF56  _RP_REG                            
     0000FF68  _BCPS_REG                          
     0000FF69  _BCPD_REG                          
     0000FF6A  _OCPS_REG                          
     0000FF6B  _OCPD_REG                          
     0000FF70  _SVBK_REG                          
     0000FF76  _PCM12_REG                         
     0000FF77  _PCM34_REG                         
     0000FF80  .refresh_OAM                    
     0000FF80  __HRAM                             
     0000FFFF  _IE_REG                            
     00014000  s__CODE_1                       
     00024000  s__CODE_2                       
     00034000  s__CODE_3                       
     00044000  s__CODE_4                       
     00054000  s__CODE_5                       
     00064000  s__CODE_6                       
     00074000  s__CODE_7                       
ASxxxx Linker V03.00 + NoICE + sdld,  page 18.
Hexadecimal  [32-Bits]

Area                                    Addr        Size        Decimal Bytes (Attributes)
--------------------------------        ----        ----        ------- ----- ------------
.  .ABS.                            00000000    00000000 =           0. bytes (ABS,CON)

      Value  Global                              Global Defined In Module
      -----  --------------------------------   ------------------------
     00084000  s__CODE_8                       
     00094000  s__CODE_9                       
     000A4000  s__CODE_10                      
     000B4000  s__CODE_11                      
     000C4000  s__CODE_12                      
     000D4000  s__CODE_13                      
     000E4000  s__CODE_14                      
     000F4000  s__CODE_15                      

ASxxxx Linker V03.00 + NoICE + sdld,  page 19.
Hexadecimal  [32-Bits]

Area                                    Addr        Size        Decimal Bytes (Attributes)
--------------------------------        ----        ----        ------- ----- ------------
_CODE                               00000200    0000066B =        1643. bytes (REL,CON)

      Value  Global                              Global Defined In Module
      -----  --------------------------------   ------------------------
     00000200  ___HandleCrash                     
     0000020A  _SIO_send_byte                     
     0000021D  _SIO_receive                       
     0000022E  _SetTile                           
     0000023D  _set_win_tile_xy                   
     00000242  _set_bkg_tile_xy                   
     00000265  _GetWinAddr                        
     0000026D  _GetBkgAddr                        
     0000027B  _state_init                        
     00000280  _state_update                      
     000002A2  _ui_time_masks                     
     000002AA  _ui_print_shift_char               
     0000032D  _ui_draw_frame_row                 
     00000336  .ui_draw_frame_row                 
     0000035F  _script_cmds                       vm_instructions
     00000500  _save_signature                    game_signature
     00000504  _start_scene_x                     
     00000506  _start_scene_y                     
     00000508  _start_scene_dir                   
     00000509  _start_scene                       
     0000050C  _start_player_move_speed           
     0000050D  _start_player_anim_tick            
     0000050E  _ui_fonts                          
     00000514  _core_reset_hook                   main
     0000051C  _main                              main
     00000524  _state_start_fns                   
     00000536  _state_update_fns                  
     00000565  gbt_get_pattern_ptr_banked         
     00000584  _gbt_play                          
     0000063F  _gbt_pause                         
     00000650  _gbt_loop                          
     00000657  _gbt_stop                          
     00000662  _gbt_enable_channels               
     00000669  _gbt_update                        
     0000076E  _hide_sprites_range                Metasprites
     0000079E  .sgb_check                         
     0000079E  _sgb_check                         
     000007E6  _sgb_transfer                      
     000007EB  .sgb_transfer                      
     0000082C  ___move_metasprite                 Metasprites

ASxxxx Linker V03.00 + NoICE + sdld,  page 20.
Hexadecimal  [32-Bits]

Area                                    Addr        Size        Decimal Bytes (Attributes)
--------------------------------        ----        ----        ------- ----- ------------
_HEADER0                            00000000    00000001 =           1. bytes (ABS,CON)

      Value  Global                              Global Defined In Module
      -----  --------------------------------   ------------------------
     00000020  .call_hl                           Runtime

ASxxxx Linker V03.00 + NoICE + sdld,  page 21.
Hexadecimal  [32-Bits]

Area                                    Addr        Size        Decimal Bytes (Attributes)
--------------------------------        ----        ----        ------- ----- ------------
_HEADER1                            00000000    00000005 =           5. bytes (ABS,CON)

      Value  Global                              Global Defined In Module
      -----  --------------------------------   ------------------------
     00000028  .MemsetSmall                       Runtime

ASxxxx Linker V03.00 + NoICE + sdld,  page 22.
Hexadecimal  [32-Bits]

Area                                    Addr        Size        Decimal Bytes (Attributes)
--------------------------------        ----        ----        ------- ----- ------------
_HEADER2                            00000000    00000007 =           7. bytes (ABS,CON)

      Value  Global                              Global Defined In Module
      -----  --------------------------------   ------------------------
     00000030  .MemcpySmall                       Runtime

ASxxxx Linker V03.00 + NoICE + sdld,  page 23.
Hexadecimal  [32-Bits]

Area                                    Addr        Size        Decimal Bytes (Attributes)
--------------------------------        ----        ----        ------- ----- ------------
_HEADER3                            00000000    00000008 =           8. bytes (ABS,CON)

      Value  Global                              Global Defined In Module
      -----  --------------------------------   ------------------------
ASxxxx Linker V03.00 + NoICE + sdld,  page 24.
Hexadecimal  [32-Bits]

Area                                    Addr        Size        Decimal Bytes (Attributes)
--------------------------------        ----        ----        ------- ----- ------------
_HEADER4                            00000000    0000004E =          78. bytes (ABS,CON)

      Value  Global                              Global Defined In Module
      -----  --------------------------------   ------------------------
     00000080  .int                               Runtime
     0000008F  _wait_int_handler                  Runtime
     0000009C  __standard_VBL_handler             Runtime
     000000AC  _refresh_OAM                       Runtime

ASxxxx Linker V03.00 + NoICE + sdld,  page 25.
Hexadecimal  [32-Bits]

Area                                    Addr        Size        Decimal Bytes (Attributes)
--------------------------------        ----        ----        ------- ----- ------------
_HEADER5                            00000000    00000002 =           2. bytes (ABS,CON)

      Value  Global                              Global Defined In Module
      -----  --------------------------------   ------------------------
ASxxxx Linker V03.00 + NoICE + sdld,  page 26.
Hexadecimal  [32-Bits]

Area                                    Addr        Size        Decimal Bytes (Attributes)
--------------------------------        ----        ----        ------- ----- ------------
_HEADER6                            00000000    00000030 =          48. bytes (ABS,CON)

      Value  Global                              Global Defined In Module
      -----  --------------------------------   ------------------------
ASxxxx Linker V03.00 + NoICE + sdld,  page 27.
Hexadecimal  [32-Bits]

Area                                    Addr        Size        Decimal Bytes (Attributes)
--------------------------------        ----        ----        ------- ----- ------------
_HEADER7                            00000000    00000006 =           6. bytes (ABS,CON)

      Value  Global                              Global Defined In Module
      -----  --------------------------------   ------------------------
ASxxxx Linker V03.00 + NoICE + sdld,  page 28.
Hexadecimal  [32-Bits]

Area                                    Addr        Size        Decimal Bytes (Attributes)
--------------------------------        ----        ----        ------- ----- ------------
_HEADER8                            00000000    00000003 =           3. bytes (ABS,CON)

      Value  Global                              Global Defined In Module
      -----  --------------------------------   ------------------------
ASxxxx Linker V03.00 + NoICE + sdld,  page 29.
Hexadecimal  [32-Bits]

Area                                    Addr        Size        Decimal Bytes (Attributes)
--------------------------------        ----        ----        ------- ----- ------------
_HEADER9                            00000000    00000001 =           1. bytes (ABS,CON)

      Value  Global                              Global Defined In Module
      -----  --------------------------------   ------------------------
ASxxxx Linker V03.00 + NoICE + sdld,  page 30.
Hexadecimal  [32-Bits]

Area                                    Addr        Size        Decimal Bytes (Attributes)
--------------------------------        ----        ----        ------- ----- ------------
_HEADERa                            00000000    00000001 =           1. bytes (ABS,CON)

      Value  Global                              Global Defined In Module
      -----  --------------------------------   ------------------------
ASxxxx Linker V03.00 + NoICE + sdld,  page 31.
Hexadecimal  [32-Bits]

Area                                    Addr        Size        Decimal Bytes (Attributes)
--------------------------------        ----        ----        ------- ----- ------------
_HEADERb                            00000000    00000001 =           1. bytes (ABS,CON)

      Value  Global                              Global Defined In Module
      -----  --------------------------------   ------------------------
ASxxxx Linker V03.00 + NoICE + sdld,  page 32.
Hexadecimal  [32-Bits]

Area                                    Addr        Size        Decimal Bytes (Attributes)
--------------------------------        ----        ----        ------- ----- ------------
_HEADERc                            00000000    00000002 =           2. bytes (ABS,CON)

      Value  Global                              Global Defined In Module
      -----  --------------------------------   ------------------------
ASxxxx Linker V03.00 + NoICE + sdld,  page 33.
Hexadecimal  [32-Bits]

Area                                    Addr        Size        Decimal Bytes (Attributes)
--------------------------------        ----        ----        ------- ----- ------------
_HEADERd                            00000000    00000001 =           1. bytes (ABS,CON)

      Value  Global                              Global Defined In Module
      -----  --------------------------------   ------------------------
ASxxxx Linker V03.00 + NoICE + sdld,  page 34.
Hexadecimal  [32-Bits]

Area                                    Addr        Size        Decimal Bytes (Attributes)
--------------------------------        ----        ----        ------- ----- ------------
_HEADERe                            00000000    00000001 =           1. bytes (ABS,CON)

      Value  Global                              Global Defined In Module
      -----  --------------------------------   ------------------------
ASxxxx Linker V03.00 + NoICE + sdld,  page 35.
Hexadecimal  [32-Bits]

Area                                    Addr        Size        Decimal Bytes (Attributes)
--------------------------------        ----        ----        ------- ----- ------------
_HEADERf                            00000000    00000002 =           2. bytes (ABS,CON)

      Value  Global                              Global Defined In Module
      -----  --------------------------------   ------------------------
ASxxxx Linker V03.00 + NoICE + sdld,  page 36.
Hexadecimal  [32-Bits]

Area                                    Addr        Size        Decimal Bytes (Attributes)
--------------------------------        ----        ----        ------- ----- ------------
_HEADER10                           00000000    00000082 =         130. bytes (ABS,CON)

      Value  Global                              Global Defined In Module
      -----  --------------------------------   ------------------------
     00000150  .reset                             Runtime
     00000150  _reset                             Runtime
     00000157  .code_start                        Runtime
     000001B7  _exit                              Runtime
     000001BB  _set_interrupts                    Runtime

ASxxxx Linker V03.00 + NoICE + sdld,  page 37.
Hexadecimal  [32-Bits]

Area                                    Addr        Size        Decimal Bytes (Attributes)
--------------------------------        ----        ----        ------- ----- ------------
_HEADER11                           00000000    00000001 =           1. bytes (ABS,CON)

      Value  Global                              Global Defined In Module
      -----  --------------------------------   ------------------------
ASxxxx Linker V03.00 + NoICE + sdld,  page 38.
Hexadecimal  [32-Bits]

Area                                    Addr        Size        Decimal Bytes (Attributes)
--------------------------------        ----        ----        ------- ----- ------------
_HOME                               0000086B    000026A6 =        9894. bytes (REL,CON)

      Value  Global                              Global Defined In Module
      -----  --------------------------------   ------------------------
     0000086B  .memset_simple                     Runtime
     00000874  .memcpy_simple                     Runtime
     00000891  .remove_VBL                        Runtime
     00000894  .remove_int                        Runtime
     000008B1  .add_VBL                           Runtime
     000008B4  .add_int                           Runtime
     000008BF  .wait_vbl_done                     Runtime
     000008BF  _wait_vbl_done                     Runtime
     000008CF  .display_off                       Runtime
     000008CF  _display_off                       Runtime
     000008E7  _remove_VBL                        Runtime
     000008F2  _add_VBL                           Runtime
     000008FD  _actors_update                     actor
     00000C74  _SetBankedBkgData                  bankdata
     00000C90  _SetBankedSpriteData               bankdata
     00000CAC  _SetBankedBkgTiles                 bankdata
     00000CC8  _SetBankedWinTiles                 bankdata
     00000CE4  _ReadBankedFarPtr                  bankdata
     00000D0B  _ReadBankedUWORD                   bankdata
     00000D27  _MemcpyBanked                      bankdata
     00000D43  _MemcpyVRAMBanked                  bankdata
     00000D5F  _camera_update                     camera
     00000E92  _load_animations                   data_manager
     00000EF1  _events_update                     events
     00000FC3  _timers_update                     events
     0000104B  _input_update                      input
     0000107B  .sio_ISR                           
     000010D5  .timer_ISR                         
     000010EA  _simple_LCD_isr                    interrupts
     00001139  _fullscreen_LCD_isr                interrupts
     00001165  _VBL_isr                           interrupts
     000011AF  _isqrt                             math
     00001205  _sine_wave                         math
     00001305  _dir_lookup                        math
     0000130D  _dir_angle_lookup                  math
     00001311  _music_events_update               music_manager
     00001393  _music_play                        music_manager
     00001405  _music_mute                        music_manager
     00001417  _music_update                      music_manager
     00001466  _sound_stop                        music_manager
     00001497  _parallax_LCD_isr                  parallax
     000014D4  _projectiles_update                projectiles
     0000188D  _projectiles_render                projectiles
     00001A00  _sample_play_isr                   sample_player
     00001A7F  _scroll_load_pending_row           scroll
     00001AD2  _scroll_load_row                   scroll
     00001B17  _scroll_load_col                   scroll
     00001B4B  _scroll_load_pending_col           scroll
     00001BA3  _set_bkg_submap                    
     00001BE6  _set_xy_win_submap                 
ASxxxx Linker V03.00 + NoICE + sdld,  page 39.
Hexadecimal  [32-Bits]

Area                                    Addr        Size        Decimal Bytes (Attributes)
--------------------------------        ----        ----        ------- ----- ------------
_HOME                               0000086B    000026A6 =        9894. bytes (REL,CON)

      Value  Global                              Global Defined In Module
      -----  --------------------------------   ------------------------
     00001C0F  .set_xy_win_submap                 
     00001C18  .set_xy_bkg_submap                 
     00001C27  .set_xy_submap                     
     00001C6D  _on_SIO_receive                    sio
     00001CAE  _SIO_update                        sio
     00001D15  _ui_update                         ui
     00001DFD  _vm_sgb_transfer                   vm_sgb
     00001E4B  _vm_load_text                      vm_ui
     000020A0  _vm_beginthread                    vm
     000021C5  _vm_rpn                            vm
     00002889  _vm_call_native                    vm
     00002893  _VM_STEP                           vm
     000028FD  _script_runner_update              vm
     00002A77  _fill_win_rect                     
     00002A89  _rand                              
     00002A89  _randw                             
     00002AB4  _initrand                          
     00002AB6  .initrand                          
     00002ABF  __mulsuchar                        mul
     00002AC9  __muluschar                        mul
     00002AD3  __mulschar                         mul
     00002AE5  __muluchar                         mul
     00002AF1  __mulint                           mul
     00002B17  _abs                               abs
     00002B26  _set_win_tiles                     
     00002B3A  _set_tile_data                     
     00002B3F  _set_bkg_data                      
     00002B3F  _set_win_data                      
     00002B47  _set_sprite_data                   
     00002B77  _reverse                           reverse
     00002BAB  ___call__banked                    far_ptr
     00002BC8  _to_far_ptr                        far_ptr
     00002C01  _add_LCD                           
     00002C0C  .add_LCD                           
     00002C12  _remove_LCD                        
     00002C1D  .remove_LCD                        
     00002C23  .fill_rect_wtt                     
     00002C2C  .fill_rect_btt                     
     00002C79  .copy_vram                         
     00002C8D  _get_data                          
     00002C8D  _set_data                          
     00002C8D  _vmemcpy                           
     00002CA0  _fill_bkg_rect                     
     00002CB2  .padup                             
     00002CB2  _waitpadup                         
     00002CC2  .jpad                              
     00002CC2  _joypad                            
     00002CEA  _waitpad                           
     00002CED  .wait_pad                          
     00002CF4  ___sdcc_call_hl                    call_hl
     00002CF5  ___memcpy                          memcpy
ASxxxx Linker V03.00 + NoICE + sdld,  page 40.
Hexadecimal  [32-Bits]

Area                                    Addr        Size        Decimal Bytes (Attributes)
[...]
C:/tmp/_gbsbuild/obj/script_s16a0_update.rel
                                          [ script_s16a0_update ]
C:/tmp/_gbsbuild/obj/script_s16a1_interact.rel
                                          [ script_s16a1_interact ]
C:/tmp/_gbsbuild/obj/script_s16t0_interact.rel
                                          [ script_s16t0_interact ]
C:/tmp/_gbsbuild/obj/script_s16t1_interact.rel
                                          [ script_s16t1_interact ]
C:/tmp/_gbsbuild/obj/script_s16t10_interact.rel
                                          [ script_s16t10_interact ]
C:/tmp/_gbsbuild/obj/script_s16t11_interact.rel
                                          [ script_s16t11_interact ]
C:/tmp/_gbsbuild/obj/script_s16t12_interact.rel
                                          [ script_s16t12_interact ]
C:/tmp/_gbsbuild/obj/script_s16t13_interact.rel
                                          [ script_s16t13_interact ]
C:/tmp/_gbsbuild/obj/script_s16t14_interact.rel
                                          [ script_s16t14_interact ]
C:/tmp/_gbsbuild/obj/script_s16t15_interact.rel
                                          [ script_s16t15_interact ]
C:/tmp/_gbsbuild/obj/script_s16t16_interact.rel
                                          [ script_s16t16_interact ]
C:/tmp/_gbsbuild/obj/script_s16t17_interact.rel
                                          [ script_s16t17_interact ]
C:/tmp/_gbsbuild/obj/script_s16t18_interact.rel
                                          [ script_s16t18_interact ]
C:/tmp/_gbsbuild/obj/script_s16t19_interact.rel
                                          [ script_s16t19_interact ]
C:/tmp/_gbsbuild/obj/script_s16t2_interact.rel
                                          [ script_s16t2_interact ]
C:/tmp/_gbsbuild/obj/script_s16t20_interact.rel
                                          [ script_s16t20_interact ]
C:/tmp/_gbsbuild/obj/script_s16t3_interact.rel
                                          [ script_s16t3_interact ]
C:/tmp/_gbsbuild/obj/script_s16t4_interact.rel
                                          [ script_s16t4_interact ]
C:/tmp/_gbsbuild/obj/script_s16t5_interact.rel
                                          [ script_s16t5_interact ]
C:/tmp/_gbsbuild/obj/script_s16t6_interact.rel
                                          [ script_s16t6_interact ]
C:/tmp/_gbsbuild/obj/script_s16t7_interact.rel
                                          [ script_s16t7_interact ]
C:/tmp/_gbsbuild/obj/script_s16t8_interact.rel
                                          [ script_s16t8_interact ]
C:/tmp/_gbsbuild/obj/script_s16t9_interact.rel
                                          [ script_s16t9_interact ]
C:/tmp/_gbsbuild/obj/script_s17_init.rel  [ script_s17_init ]
C:/tmp/_gbsbuild/obj/script_s17a0_update.rel
                                          [ script_s17a0_update ]
C:/tmp/_gbsbuild/obj/script_s17a1_interact.rel
                                          [ script_s17a1_interact ]
C:/tmp/_gbsbuild/obj/script_s17t0_interact.rel
                                          [ script_s17t0_interact ]
C:/tmp/_gbsbuild/obj/script_s18_init.rel  [ script_s18_init ]
C:/tmp/_gbsbuild/obj/script_s18a0_update.rel
                                          [ script_s18a0_update ]
C:/tmp/_gbsbuild/obj/script_s18t0_interact.rel
                                          [ script_s18t0_interact ]
C:/tmp/_gbsbuild/obj/script_s19_init.rel  [ script_s19_init ]
C:/tmp/_gbsbuild/obj/script_s19a1_interact.rel
                                          [ script_s19a1_interact ]
C:/tmp/_gbsbuild/obj/script_s19a1_update.rel
                                          [ script_s19a1_update ]
C:/tmp/_gbsbuild/obj/script_s19t0_interact.rel
                                          [ script_s19t0_interact ]
C:/tmp/_gbsbuild/obj/script_s19t1_interact.rel
                                          [ script_s19t1_interact ]
C:/tmp/_gbsbuild/obj/script_s19t2_interact.rel
                                          [ script_s19t2_interact ]
C:/tmp/_gbsbuild/obj/script_s19t3_interact.rel
                                          [ script_s19t3_interact ]
C:/tmp/_gbsbuild/obj/script_s19t4_interact.rel
                                          [ script_s19t4_interact ]
C:/tmp/_gbsbuild/obj/script_s1a0_interact.rel
                                          [ script_s1a0_interact ]
C:/tmp/_gbsbuild/obj/script_s1a1_interact.rel
                                          [ script_s1a1_interact ]
C:/tmp/_gbsbuild/obj/script_s1a1_update.rel
                                          [ script_s1a1_update ]
C:/tmp/_gbsbuild/obj/script_s1a2_interact.rel
                                          [ script_s1a2_interact ]
C:/tmp/_gbsbuild/obj/script_s1a3_interact.rel
                                          [ script_s1a3_interact ]
C:/tmp/_gbsbuild/obj/script_s1a4_interact.rel
                                          [ script_s1a4_interact ]
C:/tmp/_gbsbuild/obj/script_s1a5_update.rel
                                          [ script_s1a5_update ]
C:/tmp/_gbsbuild/obj/script_s1a6_interact.rel
                                          [ script_s1a6_interact ]
C:/tmp/_gbsbuild/obj/script_s1t0_interact.rel
                                          [ script_s1t0_interact ]
C:/tmp/_gbsbuild/obj/script_s1t1_interact.rel
                                          [ script_s1t1_interact ]
C:/tmp/_gbsbuild/obj/script_s2_init.rel   [ script_s2_init ]
C:/tmp/_gbsbuild/obj/script_s20_init.rel  [ script_s20_init ]
C:/tmp/_gbsbuild/obj/script_s21_init.rel  [ script_s21_init ]
C:/tmp/_gbsbuild/obj/script_s22_init.rel  [ script_s22_init ]
C:/tmp/_gbsbuild/obj/script_s23_init.rel  [ script_s23_init ]
C:/tmp/_gbsbuild/obj/script_s24_init.rel  [ script_s24_init ]
C:/tmp/_gbsbuild/obj/script_s25_init.rel  [ script_s25_init ]
C:/tmp/_gbsbuild/obj/script_s26_init.rel  [ script_s26_init ]
C:/tmp/_gbsbuild/obj/script_s27_init.rel  [ script_s27_init ]
C:/tmp/_gbsbuild/obj/script_s28_init.rel  [ script_s28_init ]
C:/tmp/_gbsbuild/obj/script_s28a0_interact.rel
                                          [ script_s28a0_interact ]
C:/tmp/_gbsbuild/obj/script_s28a1_interact.rel
                                          [ script_s28a1_interact ]
C:/tmp/_gbsbuild/obj/script_s28a2_interact.rel
                                          [ script_s28a2_interact ]
C:/tmp/_gbsbuild/obj/script_s29_init.rel  [ script_s29_init ]
C:/tmp/_gbsbuild/obj/script_s3_init.rel   [ script_s3_init ]
C:/tmp/_gbsbuild/obj/script_s30_init.rel  [ script_s30_init ]
C:/tmp/_gbsbuild/obj/script_s31_init.rel  [ script_s31_init ]
C:/tmp/_gbsbuild/obj/script_s32_init.rel  [ script_s32_init ]
C:/tmp/_gbsbuild/obj/script_s33_init.rel  [ script_s33_init ]
C:/tmp/_gbsbuild/obj/script_s33a0_interact.rel
                                          [ script_s33a0_interact ]
C:/tmp/_gbsbuild/obj/script_s4_init.rel   [ script_s4_init ]
C:/tmp/_gbsbuild/obj/script_s5_init.rel   [ script_s5_init ]
C:/tmp/_gbsbuild/obj/script_s6_init.rel   [ script_s6_init ]
C:/tmp/_gbsbuild/obj/script_s7_init.rel   [ script_s7_init ]
C:/tmp/_gbsbuild/obj/script_s7a0_interact.rel
                                          [ script_s7a0_interact ]
C:/tmp/_gbsbuild/obj/script_s7a1_interact.rel
                                          [ script_s7a1_interact ]
C:/tmp/_gbsbuild/obj/script_s7a2_interact.rel
                                          [ script_s7a2_interact ]
C:/tmp/_gbsbuild/obj/script_s7a3_update.rel
                                          [ script_s7a3_update ]
C:/tmp/_gbsbuild/obj/script_s7a4_update.rel
                                          [ script_s7a4_update ]
C:/tmp/_gbsbuild/obj/script_s7a5_update.rel
                                          [ script_s7a5_update ]
C:/tmp/_gbsbuild/obj/script_s7t0_interact.rel
                                          [ script_s7t0_interact ]
C:/tmp/_gbsbuild/obj/script_s7t1_interact.rel
                                          [ script_s7t1_interact ]
C:/tmp/_gbsbuild/obj/script_s7t2_interact.rel
                                          [ script_s7t2_interact ]
C:/tmp/_gbsbuild/obj/script_s7t3_interact.rel
                                          [ script_s7t3_interact ]
C:/tmp/_gbsbuild/obj/script_s8_init.rel   [ script_s8_init ]
C:/tmp/_gbsbuild/obj/script_s8a1_update.rel
                                          [ script_s8a1_update ]
C:/tmp/_gbsbuild/obj/script_s8a5_update.rel
                                          [ script_s8a5_update ]
C:/tmp/_gbsbuild/obj/script_s8t0_interact.rel
                                          [ script_s8t0_interact ]
C:/tmp/_gbsbuild/obj/script_s8t1_interact.rel
                                          [ script_s8t1_interact ]
C:/tmp/_gbsbuild/obj/script_s8t2_interact.rel
                                          [ script_s8t2_interact ]
C:/tmp/_gbsbuild/obj/script_s8t3_interact.rel
                                          [ script_s8t3_interact ]
C:/tmp/_gbsbuild/obj/script_s9_init.rel   [ script_s9_init ]
C:/tmp/_gbsbuild/obj/script_s9a0_interact.rel
                                          [ script_s9a0_interact ]
C:/tmp/_gbsbuild/obj/script_s9a1_interact.rel
                                          [ script_s9a1_interact ]
C:/tmp/_gbsbuild/obj/script_s9a2_interact.rel
                                          [ script_s9a2_interact ]
C:/tmp/_gbsbuild/obj/script_s9a3_interact.rel
                                          [ script_s9a3_interact ]
C:/tmp/_gbsbuild/obj/script_s9a4_update.rel
                                          [ script_s9a4_update ]
C:/tmp/_gbsbuild/obj/script_s9t0_interact.rel
                                          [ script_s9t0_interact ]
C:/tmp/_gbsbuild/obj/script_timer_0.rel   [ script_timer_0 ]
C:/tmp/_gbsbuild/obj/script_timer_1.rel   [ script_timer_1 ]
C:/tmp/_gbsbuild/obj/script_timer_2.rel   [ script_timer_2 ]
C:/tmp/_gbsbuild/obj/script_timer_3.rel   [ script_timer_3 ]
C:/tmp/_gbsbuild/obj/script_timer_4.rel   [ script_timer_4 ]
C:/tmp/_gbsbuild/obj/script_timer_5.rel   [ script_timer_5 ]
C:/tmp/_gbsbuild/obj/spritesheet_0.rel    [ spritesheet_0 ]
C:/tmp/_gbsbuild/obj/spritesheet_1.rel    [ spritesheet_1 ]
C:/tmp/_gbsbuild/obj/spritesheet_10.rel   [ spritesheet_10 ]
C:/tmp/_gbsbuild/obj/spritesheet_11.rel   [ spritesheet_11 ]
C:/tmp/_gbsbuild/obj/spritesheet_12.rel   [ spritesheet_12 ]
C:/tmp/_gbsbuild/obj/spritesheet_13.rel   [ spritesheet_13 ]
C:/tmp/_gbsbuild/obj/spritesheet_14.rel   [ spritesheet_14 ]
C:/tmp/_gbsbuild/obj/spritesheet_15.rel   [ spritesheet_15 ]
C:/tmp/_gbsbuild/obj/spritesheet_16.rel   [ spritesheet_16 ]
C:/tmp/_gbsbuild/obj/spritesheet_17.rel   [ spritesheet_17 ]
C:/tmp/_gbsbuild/obj/spritesheet_18.rel   [ spritesheet_18 ]
C:/tmp/_gbsbuild/obj/spritesheet_19.rel   [ spritesheet_19 ]
C:/tmp/_gbsbuild/obj/spritesheet_2.rel    [ spritesheet_2 ]
C:/tmp/_gbsbuild/obj/spritesheet_20.rel   [ spritesheet_20 ]
C:/tmp/_gbsbuild/obj/spritesheet_21.rel   [ spritesheet_21 ]
C:/tmp/_gbsbuild/obj/spritesheet_22.rel   [ spritesheet_22 ]
C:/tmp/_gbsbuild/obj/spritesheet_23.rel   [ spritesheet_23 ]
C:/tmp/_gbsbuild/obj/spritesheet_24.rel   [ spritesheet_24 ]
C:/tmp/_gbsbuild/obj/spritesheet_25.rel   [ spritesheet_25 ]
C:/tmp/_gbsbuild/obj/spritesheet_3.rel    [ spritesheet_3 ]
C:/tmp/_gbsbuild/obj/spritesheet_4.rel    [ spritesheet_4 ]
C:/tmp/_gbsbuild/obj/spritesheet_5.rel    [ spritesheet_5 ]
C:/tmp/_gbsbuild/obj/spritesheet_6.rel    [ spritesheet_6 ]
C:/tmp/_gbsbuild/obj/spritesheet_7.rel    [ spritesheet_7 ]
C:/tmp/_gbsbuild/obj/spritesheet_8.rel    [ spritesheet_8 ]
C:/tmp/_gbsbuild/obj/spritesheet_9.rel    [ spritesheet_9 ]
C:/tmp/_gbsbuild/obj/spritesheet_none.rel
                                          [ spritesheet_none ]
C:/tmp/_gbsbuild/obj/tilemap_0.rel        [ tilemap_0 ]
C:/tmp/_gbsbuild/obj/tilemap_1.rel        [ tilemap_1 ]
C:/tmp/_gbsbuild/obj/tilemap_10.rel       [ tilemap_10 ]
C:/tmp/_gbsbuild/obj/tilemap_11.rel       [ tilemap_11 ]
C:/tmp/_gbsbuild/obj/tilemap_12.rel       [ tilemap_12 ]
C:/tmp/_gbsbuild/obj/tilemap_13.rel       [ tilemap_13 ]
C:/tmp/_gbsbuild/obj/tilemap_14.rel       [ tilemap_14 ]
C:/tmp/_gbsbuild/obj/tilemap_15.rel       [ tilemap_15 ]
C:/tmp/_gbsbuild/obj/tilemap_16.rel       [ tilemap_16 ]
C:/tmp/_gbsbuild/obj/tilemap_17.rel       [ tilemap_17 ]
C:/tmp/_gbsbuild/obj/tilemap_18.rel       [ tilemap_18 ]
C:/tmp/_gbsbuild/obj/tilemap_19.rel       [ tilemap_19 ]
C:/tmp/_gbsbuild/obj/tilemap_2.rel        [ tilemap_2 ]
C:/tmp/_gbsbuild/obj/tilemap_20.rel       [ tilemap_20 ]
C:/tmp/_gbsbuild/obj/tilemap_21.rel       [ tilemap_21 ]
C:/tmp/_gbsbuild/obj/tilemap_22.rel       [ tilemap_22 ]
C:/tmp/_gbsbuild/obj/tilemap_23.rel       [ tilemap_23 ]
C:/tmp/_gbsbuild/obj/tilemap_24.rel       [ tilemap_24 ]
C:/tmp/_gbsbuild/obj/tilemap_25.rel       [ tilemap_25 ]
C:/tmp/_gbsbuild/obj/tilemap_26.rel       [ tilemap_26 ]
C:/tmp/_gbsbuild/obj/tilemap_27.rel       [ tilemap_27 ]
C:/tmp/_gbsbuild/obj/tilemap_28.rel       [ tilemap_28 ]
C:/tmp/_gbsbuild/obj/tilemap_29.rel       [ tilemap_29 ]
C:/tmp/_gbsbuild/obj/tilemap_3.rel        [ tilemap_3 ]
C:/tmp/_gbsbuild/obj/tilemap_30.rel       [ tilemap_30 ]
C:/tmp/_gbsbuild/obj/tilemap_4.rel        [ tilemap_4 ]
C:/tmp/_gbsbuild/obj/tilemap_5.rel        [ tilemap_5 ]
C:/tmp/_gbsbuild/obj/tilemap_6.rel        [ tilemap_6 ]
C:/tmp/_gbsbuild/obj/tilemap_7.rel        [ tilemap_7 ]
C:/tmp/_gbsbuild/obj/tilemap_8.rel        [ tilemap_8 ]
C:/tmp/_gbsbuild/obj/tilemap_9.rel        [ tilemap_9 ]
C:/tmp/_gbsbuild/obj/tileset_0.rel        [ tileset_0 ]
C:/tmp/_gbsbuild/obj/tileset_1.rel        [ tileset_1 ]
C:/tmp/_gbsbuild/obj/tileset_10.rel       [ tileset_10 ]
C:/tmp/_gbsbuild/obj/tileset_11.rel       [ tileset_11 ]
C:/tmp/_gbsbuild/obj/tileset_12.rel       [ tileset_12 ]
C:/tmp/_gbsbuild/obj/tileset_13.rel       [ tileset_13 ]
C:/tmp/_gbsbuild/obj/tileset_14.rel       [ tileset_14 ]
C:/tmp/_gbsbuild/obj/tileset_15.rel       [ tileset_15 ]
C:/tmp/_gbsbuild/obj/tileset_16.rel       [ tileset_16 ]
C:/tmp/_gbsbuild/obj/tileset_17.rel       [ tileset_17 ]
C:/tmp/_gbsbuild/obj/tileset_18.rel       [ tileset_18 ]
C:/tmp/_gbsbuild/obj/tileset_19.rel       [ tileset_19 ]
C:/tmp/_gbsbuild/obj/tileset_2.rel        [ tileset_2 ]
C:/tmp/_gbsbuild/obj/tileset_20.rel       [ tileset_20 ]
C:/tmp/_gbsbuild/obj/tileset_21.rel       [ tileset_21 ]
C:/tmp/_gbsbuild/obj/tileset_22.rel       [ tileset_22 ]
C:/tmp/_gbsbuild/obj/tileset_23.rel       [ tileset_23 ]
C:/tmp/_gbsbuild/obj/tileset_24.rel       [ tileset_24 ]
C:/tmp/_gbsbuild/obj/tileset_25.rel       [ tileset_25 ]
C:/tmp/_gbsbuild/obj/tileset_26.rel       [ tileset_26 ]
C:/tmp/_gbsbuild/obj/tileset_27.rel       [ tileset_27 ]
C:/tmp/_gbsbuild/obj/tileset_28.rel       [ tileset_28 ]
C:/tmp/_gbsbuild/obj/tileset_29.rel       [ tileset_29 ]
C:/tmp/_gbsbuild/obj/tileset_3.rel        [ tileset_3 ]
C:/tmp/_gbsbuild/obj/tileset_30.rel       [ tileset_30 ]
C:/tmp/_gbsbuild/obj/tileset_31.rel       [ tileset_31 ]
C:/tmp/_gbsbuild/obj/tileset_32.rel       [ tileset_32 ]
C:/tmp/_gbsbuild/obj/tileset_33.rel       [ tileset_33 ]
C:/tmp/_gbsbuild/obj/tileset_34.rel       [ tileset_34 ]
C:/tmp/_gbsbuild/obj/tileset_35.rel       [ tileset_35 ]
C:/tmp/_gbsbuild/obj/tileset_36.rel       [ tileset_36 ]
C:/tmp/_gbsbuild/obj/tileset_37.rel       [ tileset_37 ]
C:/tmp/_gbsbuild/obj/tileset_38.rel       [ tileset_38 ]
C:/tmp/_gbsbuild/obj/tileset_39.rel       [ tileset_39 ]
C:/tmp/_gbsbuild/obj/tileset_4.rel        [ tileset_4 ]
C:/tmp/_gbsbuild/obj/tileset_40.rel       [ tileset_40 ]
C:/tmp/_gbsbuild/obj/tileset_41.rel       [ tileset_41 ]
C:/tmp/_gbsbuild/obj/tileset_42.rel       [ tileset_42 ]
C:/tmp/_gbsbuild/obj/tileset_43.rel       [ tileset_43 ]
C:/tmp/_gbsbuild/obj/tileset_44.rel       [ tileset_44 ]
C:/tmp/_gbsbuild/obj/tileset_45.rel       [ tileset_45 ]
C:/tmp/_gbsbuild/obj/tileset_46.rel       [ tileset_46 ]
C:/tmp/_gbsbuild/obj/tileset_47.rel       [ tileset_47 ]
C:/tmp/_gbsbuild/obj/tileset_48.rel       [ tileset_48 ]
C:/tmp/_gbsbuild/obj/tileset_49.rel       [ tileset_49 ]
C:/tmp/_gbsbuild/obj/tileset_5.rel        [ tileset_5 ]
C:/tmp/_gbsbuild/obj/tileset_50.rel       [ tileset_50 ]
C:/tmp/_gbsbuild/obj/tileset_51.rel       [ tileset_51 ]
C:/tmp/_gbsbuild/obj/tileset_52.rel       [ tileset_52 ]
C:/tmp/_gbsbuild/obj/tileset_53.rel       [ tileset_53 ]
C:/tmp/_gbsbuild/obj/tileset_54.rel       [ tileset_54 ]
C:/tmp/_gbsbuild/obj/tileset_6.rel        [ tileset_6 ]
C:/tmp/_gbsbuild/obj/tileset_7.rel        [ tileset_7 ]
C:/tmp/_gbsbuild/obj/tileset_8.rel        [ tileset_8 ]
C:/tmp/_gbsbuild/obj/tileset_9.rel        [ tileset_9 ]
C:/tmp/_gbsbuild/obj/main.rel             [ main ]
C:/tmp/_gbsbuild/obj/adventure.rel        [ adventure ]
C:/tmp/_gbsbuild/obj/logo.rel             [ logo ]
C:/tmp/_gbsbuild/obj/platform.rel         [ platform ]
C:/tmp/_gbsbuild/obj/pointnclick.rel      [ pointnclick ]
C:/tmp/_gbsbuild/obj/shmup.rel            [ shmup ]
C:/tmp/_gbsbuild/obj/states_ptrs.rel      [  ]
C:/tmp/_gbsbuild/obj/topdown.rel          [ topdown ]


Libraries Linked                          [ object file ]

C:\tmp/_gbstools/gbdk/lib/small/asxxxx/gb/gb.lib
                                          [ fill_rect_wi.o ]
lib/gbt_player.lib                        [ gbt_player.o ]
C:\tmp/_gbstools/gbdk/lib/small/asxxxx/gbz80/gbz80.lib
                                          [ rand.o ]
C:\tmp/_gbstools/gbdk/lib/small/asxxxx/gb/gb.lib
                                          [ sfr.o ]
lib/gbt_player.lib                        [ gbt_player_bank1.o ]
C:\tmp/_gbstools/gbdk/lib/small/asxxxx/gb/gb.lib
                                          [ metasprites_hide_spr.o ]
C:\tmp/_gbstools/gbdk/lib/small/asxxxx/gbz80/gbz80.lib
                                          [ mul.o ]
C:\tmp/_gbstools/gbdk/lib/small/asxxxx/gbz80/gbz80.lib
                                          [ abs.o ]
C:\tmp/_gbstools/gbdk/lib/small/asxxxx/gb/gb.lib
                                          [ set_wi_t.o ]
C:\tmp/_gbstools/gbdk/lib/small/asxxxx/gb/gb.lib
                                          [ set_data.o ]
C:\tmp/_gbstools/gbdk/lib/small/asxxxx/gbz80/gbz80.lib
                                          [ reverse.o ]
C:\tmp/_gbstools/gbdk/lib/small/asxxxx/gb/gb.lib
                                          [ far_ptr.o ]
C:\tmp/_gbstools/gbdk/lib/small/asxxxx/gb/gb.lib
                                          [ sgb.o ]
C:\tmp/_gbstools/gbdk/lib/small/asxxxx/gb/gb.lib
                                          [ lcd.o ]
C:\tmp/_gbstools/gbdk/lib/small/asxxxx/gb/gb.lib
                                          [ fill_rect.o ]
C:\tmp/_gbstools/gbdk/lib/small/asxxxx/gb/gb.lib
                                          [ cpy_data.o ]
C:\tmp/_gbstools/gbdk/lib/small/asxxxx/gb/gb.lib
                                          [ fill_rect_bk.o ]
C:\tmp/_gbstools/gbdk/lib/small/asxxxx/gb/gb.lib
                                          [ pad.o ]
C:\tmp/_gbstools/gbdk/lib/small/asxxxx/gb/gb.lib
                                          [ metasprites.o ]
C:\tmp/_gbstools/gbdk/lib/small/asxxxx/gbz80/gbz80.lib
                                          [ __sdcc_call_hl.o ]
C:\tmp/_gbstools/gbdk/lib/small/asxxxx/gbz80/gbz80.lib
                                          [ _memcpy.o ]
C:\tmp/_gbstools/gbdk/lib/small/asxxxx/gbz80/gbz80.lib
                                          [ _memset.o ]
C:\tmp/_gbstools/gbdk/lib/small/asxxxx/gb/gb.lib
                                          [ ___sdcc_bcall_ehl.o ]
C:\tmp/_gbstools/gbdk/lib/small/asxxxx/gbz80/gbz80.lib
                                          [ div.o ]
C:\tmp/_gbstools/gbdk/lib/small/asxxxx/gb/gb.lib
                                          [ set_bk_t.o ]
C:\tmp/_gbstools/gbdk/lib/small/asxxxx/gb/gb.lib
                                          [ set_xy_t.o ]

ASxxxx Linker V03.00 + NoICE + sdld,  page 88.

User Base Address Definitions

_DATA=0xC0A0
_CODE=0x0200
ASxxxx Linker V03.00 + NoICE + sdld,  page 89.

User Global Definitions

.STACK=0xDF00
_shadow_OAM=0xC000
.refresh_OAM=0xFF80
__start_save=12

