ASxxxx Linker V03.00 + NoICE + sdld,  page 1.
Hexadecimal  [32-Bits]

Area                                    Addr        Size        Decimal Bytes (Attributes)
--------------------------------        ----        ----        ------- ----- ------------
.  .ABS.                            00000000    00000000 =           0. bytes (ABS,CON)

      Value  Global                              Global Defined In Module
      -----  --------------------------------   ------------------------
     00000000  .__.ABS.                           
     00000000  _rRAMG                             
     00000000  l__BASE                         
     00000000  l__BSS                          
     00000000  l__CABS                         
     00000000  l__CODE_0                       
     00000000  l__CRASH_HEADER                 
     00000000  l__CRASH_SCRATCH                
     00000000  l__DABS                         
     00000000  l__EHL_TRAMPOLINE               
     00000000  l__HEADER                       
     00000000  l__HEADER_LCD                   
     00000000  l__HEADER_SIO                   
     00000000  l__HEADER_TIMER                 
     00000000  l__HEAP                         
     00000000  l__HRAM                         
     00000000  l__LIT                          
     00000000  s__CABS                         
     00000000  s__CRASH_HEADER                 
     00000000  s__CRASH_HEADER0                
     00000000  s__CRASH_HEADER1                
     00000000  s__CRASH_SCRATCH                
     00000000  s__CRASH_SCRATCH2               
     00000000  s__DABS                         
     00000000  s__EHL_TRAMPOLINE               
     00000000  s__EHL_TRAMPOLINE0              
     00000000  s__HEADER                       
     00000000  s__HEADER0                      
     00000000  s__HEADER1                      
     00000000  s__HEADER10                     
     00000000  s__HEADER11                     
     00000000  s__HEADER2                      
     00000000  s__HEADER3                      
     00000000  s__HEADER4                      
     00000000  s__HEADER5                      
     00000000  s__HEADER6                      
     00000000  s__HEADER7                      
     00000000  s__HEADER8                      
     00000000  s__HEADER9                      
     00000000  s__HEADER_LCD                   
     00000000  s__HEADER_LCD0                  
     00000000  s__HEADER_SIO                   
     00000000  s__HEADER_SIO0                  
     00000000  s__HEADER_TIMER                 
     00000000  s__HEADER_TIMER0                
     00000000  s__HEADERa                      
     00000000  s__HEADERb                      
     00000000  s__HEADERc                      
     00000000  s__HEADERd                      
     00000000  s__HEADERe                      
ASxxxx Linker V03.00 + NoICE + sdld,  page 2.
Hexadecimal  [32-Bits]

Area                                    Addr        Size        Decimal Bytes (Attributes)
--------------------------------        ----        ----        ------- ----- ------------
.  .ABS.                            00000000    00000000 =           0. bytes (ABS,CON)

      Value  Global                              Global Defined In Module
      -----  --------------------------------   ------------------------
     00000000  s__HEADERf                      
     00000000  s__HRAM                         
     00000000  s__HRAM12                       
     00000001  ___bank_VM_MATH                    vm_math
     00000001  ___bank_VM_SGB                     vm_sgb
     00000001  ___bank_actor_52_interact          actor_52_interact
     00000001  ___bank_song_song_template_Data    song_song_template_Data
     00000001  ___bank_sound_pc_messagebox_wav    sound_pc_messagebox_wav
     00000001  b_ui_draw_frame                    ui
     00000001  b_ui_draw_text_buffer_char         ui
     00000001  b_ui_init                          ui
     00000001  b_ui_load_tiles                    ui
     00000001  b_ui_run_menu                      ui
     00000001  b_ui_run_modal                     ui
     00000001  b_ui_set_start_tile                ui
     00000001  b_vm_cos_scale                     vm_math
     00000001  b_vm_sin_scale                     vm_math
     00000001  l__GSFINAL                      
     00000001  l__HEADER0                      
     00000001  l__HEADER11                     
     00000001  l__HEADER9                      
     00000001  l__HEADERa                      
     00000001  l__HEADERb                      
     00000001  l__HEADERd                      
     00000001  l__HEADERe                      
     00000002  ___bank_bg_menus_newinvmenu_tile   bg_menus_newinvmenu_tilemap_
     00000002  ___bank_script_menu_start_button   script_menu_start_button_be
     00000002  ___bank_sound_pc_logon_wav         sound_pc_logon_wav
     00000002  l__HEADER5                      
     00000002  l__HEADERc                      
     00000002  l__HEADERf                      
     00000003  ___bank_ACTOR                      actor
     00000003  ___bank_VM_PALETTE                 vm_palette
     00000003  ___bank_bg_pictures_cg_wake2_gb_   bg_pictures_cg_wake2_gb_tile
     00000003  ___bank_sound_item_get_wav         sound_item_get_wav
     00000003  b_activate_actor                   actor
     00000003  b_activate_actors_in_col           actor
     00000003  b_activate_actors_in_row           actor
     00000003  b_actor_at_tile                    actor
     00000003  b_actor_get_frame_offset           actor
     00000003  b_actor_in_front_of_player         actor
     00000003  b_actor_overlapping_bb             actor
     00000003  b_actor_overlapping_player         actor
     00000003  b_actor_set_anim_idle              actor
     00000003  b_actor_set_anim_moving            actor
     00000003  b_actor_set_dir                    actor
     00000003  b_actor_set_frame_offset           actor
     00000003  b_actor_set_frames                 actor
     00000003  b_actors_handle_player_collision   actor
     00000003  b_actors_init                      actor
     00000003  b_check_collision_in_direction     actor
ASxxxx Linker V03.00 + NoICE + sdld,  page 3.
Hexadecimal  [32-Bits]

Area                                    Addr        Size        Decimal Bytes (Attributes)
--------------------------------        ----        ----        ------- ----- ------------
.  .ABS.                            00000000    00000000 =           0. bytes (ABS,CON)

      Value  Global                              Global Defined In Module
      -----  --------------------------------   ------------------------
     00000003  b_deactivate_actor                 actor
     00000003  b_player_init                      actor
     00000003  b_remove_LCD_ISRs                  interrupts
     00000003  b_vm_load_palette                  vm_palette
     00000003  l__HEADER8                      
     00000003  l__HEADER_LCD0                  
     00000003  l__HRAM12                       
     00000004  ___bank_SGB_border_chr             border
     00000004  ___bank_SGB_border_map             border
     00000004  ___bank_SGB_border_pal             border
     00000004  ___bank_actor_interact_1_update    actor_interact_1_update
     00000004  ___bank_cursor_image               cursor_image
     00000004  ___bank_song_someplace_i_know_Da   song_someplace_i_know_Data
     00000004  ___bank_trigger_27_interact        trigger_27_interact
     00000004  ___mute_mask_sound_branch_snap_w   sound_branch_snap_wav
     00000004  ___mute_mask_sound_item_get_wav    sound_item_get_wav
     00000004  ___mute_mask_sound_pc_denied_wav   sound_pc_denied_wav
     00000004  ___mute_mask_sound_pc_logon_wav    sound_pc_logon_wav
     00000004  ___mute_mask_sound_pc_messagebox   sound_pc_messagebox_wav
     00000004  ___mute_mask_sound_pc_off_wav      sound_pc_off_wav
     00000004  ___mute_mask_sound_pc_on_wav       sound_pc_on_wav
     00000004  l__CRASH_HEADER1                
     00000004  l__HEADER_SIO0                  
     00000004  l__HEADER_TIMER0                
     00000005  ___bank_bg_barrens_docksgb_tilem   bg_barrens_docksgb_tilemap
     00000005  ___bank_bg_barrens_docksgb_tilem   bg_barrens_docksgb_tilemap_a
     00000005  ___bank_bg_startinghome_startgb_   bg_startinghome_startgb_tile
     00000005  ___bank_scene_docks_collisions     scene_docks_collisions
     00000005  ___bank_scene_item_screen_2_new_   scene_item_screen_2_new_trig
     00000005  l__CRASH_HEADER0                
     00000005  l__HEADER1                      
     00000006  ___bank_VM_ACTOR                   vm_actor
     00000006  ___bank_actor_16_interact          actor_16_interact
     00000006  ___bank_actor_comments_0_interac   actor_comments_0_interact
     00000006  ___bank_bg_pictures_cg_desktop_n   bg_pictures_cg_desktop_no_e_
     00000006  b_itoa_fmt                         vm_ui_a
     00000006  b_platform_init                    platform
     00000006  b_platform_update                  platform
     00000006  b_vm_actor_activate                vm_actor
     00000006  b_vm_actor_deactivate              vm_actor
     00000006  b_vm_actor_emote                   vm_actor
     00000006  b_vm_actor_get_angle               vm_actor
     00000006  b_vm_actor_get_anim_frame          vm_actor
     00000006  b_vm_actor_get_dir                 vm_actor
     00000006  b_vm_actor_get_pos                 vm_actor
     00000006  b_vm_actor_move_cancel             vm_actor
     00000006  b_vm_actor_move_to                 vm_actor
     00000006  b_vm_actor_replace_tile            vm_actor
     00000006  b_vm_actor_set_anim                vm_actor
     00000006  b_vm_actor_set_anim_frame          vm_actor
     00000006  b_vm_actor_set_anim_set            vm_actor
ASxxxx Linker V03.00 + NoICE + sdld,  page 4.
Hexadecimal  [32-Bits]

Area                                    Addr        Size        Decimal Bytes (Attributes)
--------------------------------        ----        ----        ------- ----- ------------
.  .ABS.                            00000000    00000000 =           0. bytes (ABS,CON)

      Value  Global                              Global Defined In Module
      -----  --------------------------------   ------------------------
     00000006  b_vm_actor_set_anim_tick           vm_actor
     00000006  b_vm_actor_set_bounds              vm_actor
     00000006  b_vm_actor_set_dir                 vm_actor
     00000006  b_vm_actor_set_flags               vm_actor
     00000006  b_vm_actor_set_move_speed          vm_actor
     00000006  b_vm_actor_set_pos                 vm_actor
     00000006  b_vm_actor_set_spritesheet         vm_actor
     00000006  b_vm_actor_set_spritesheet_by_re   vm_actor
     00000006  b_vm_actor_terminate_update        vm_actor
     00000006  l__HEADER7                      
     00000007  ___bank_VM_MAIN                    vm
     00000007  ___bank_actor_9_interact           actor_9_interact
     00000007  ___bank_actor_comments_1_interac   actor_comments_1_interact
     00000007  ___bank_actor_item_1_interact      actor_item_1_interact
     00000007  ___bank_bg_pictures_cg_wake2_gbc   bg_pictures_cg_wake2_gbc_til
     00000007  ___bank_bg_pictures_cg_wake4_gb_   bg_pictures_cg_wake4_gb_tile
     00000007  ___bank_bg_pictures_cg_wake5_gb_   bg_pictures_cg_wake5_gb_tile
     00000007  b_script_detach_hthread            vm
     00000007  b_script_execute                   vm
     00000007  b_script_runner_init               vm
     00000007  b_script_terminate                 vm
     00000007  b_vm_call                          vm
     00000007  b_vm_call_far                      vm
     00000007  b_vm_get_indirect                  vm
     00000007  b_vm_get_int16                     vm
     00000007  b_vm_get_int8                      vm
     00000007  b_vm_get_tlocal                    vm
     00000007  b_vm_get_uint8                     vm
     00000007  b_vm_idle                          vm
     00000007  b_vm_if                            vm
     00000007  b_vm_if_const                      vm
     00000007  b_vm_init_rng                      vm
     00000007  b_vm_invoke                        vm
     00000007  b_vm_join                          vm
     00000007  b_vm_jump                          vm
     00000007  b_vm_lock                          vm
     00000007  b_vm_loop                          vm
     00000007  b_vm_memcpy                        vm
     00000007  b_vm_memset                        vm
     00000007  b_vm_poll_loaded                   vm
     00000007  b_vm_pop                           vm
     00000007  b_vm_push                          vm
     00000007  b_vm_push_reference                vm
     00000007  b_vm_push_value                    vm
     00000007  b_vm_push_value_ind                vm
     00000007  b_vm_raise                         vm
     00000007  b_vm_rand                          vm
     00000007  b_vm_reserve                       vm
     00000007  b_vm_ret                           vm
     00000007  b_vm_ret_far                       vm
     00000007  b_vm_set                           vm
ASxxxx Linker V03.00 + NoICE + sdld,  page 5.
Hexadecimal  [32-Bits]

Area                                    Addr        Size        Decimal Bytes (Attributes)
--------------------------------        ----        ----        ------- ----- ------------
.  .ABS.                            00000000    00000000 =           0. bytes (ABS,CON)

      Value  Global                              Global Defined In Module
      -----  --------------------------------   ------------------------
     00000007  b_vm_set_const                     vm
     00000007  b_vm_set_const_int16               vm
     00000007  b_vm_set_const_int8                vm
     00000007  b_vm_set_indirect                  vm
     00000007  b_vm_set_int16                     vm
     00000007  b_vm_set_int8                      vm
     00000007  b_vm_set_uint8                     vm
     00000007  b_vm_terminate                     vm
     00000007  b_vm_test_terminate                vm
     00000007  b_vm_unlock                        vm
     00000007  b_wait_frames                      vm
     00000007  l__HEADER2                      
     00000008  ___bank_bg_pictures_cg_desktop_n   bg_pictures_cg_desktop_no_e_
     00000008  ___bank_bg_pictures_cg_wake3_gb_   bg_pictures_cg_wake3_gb_tile
     00000008  ___bank_bg_pictures_cg_wake4_gbc   bg_pictures_cg_wake4_gbc_til
     00000008  ___bank_bg_pictures_cg_wake5_gbc   bg_pictures_cg_wake5_gbc_til
     00000008  ___bank_font_gbs_mono              font_gbs_mono
     00000008  ___bank_script_input_1             script_input_1
     00000008  ___bank_spritesheet_none           spritesheet_none
     00000008  ___mute_mask_sound_legacy_0        sound_legacy_0
     00000008  ___mute_mask_sound_legacy_1        sound_legacy_1
     00000008  ___mute_mask_sound_legacy_2        sound_legacy_2
     00000008  ___mute_mask_sound_legacy_3        sound_legacy_3
     00000008  l__HEADER3                      
     00000009  ___bank_bg_louis_endscreen_tiles   bg_louis_endscreen_tileset
     00000009  ___bank_bg_pictures_cg_wake1_gb_   bg_pictures_cg_wake1_gb_tile
     00000009  ___bank_bg_pictures_cg_wake1_gbc   bg_pictures_cg_wake1_gbc_til
     00000009  ___bank_bg_pictures_cg_wake3_gbc   bg_pictures_cg_wake3_gbc_til
     00000009  ___bank_scene_computer_cutscene_   scene_computer_cutscene_2_in
     00000009  b_do_load_palette                  data_manager
     00000009  b_load_background                  data_manager
     00000009  b_load_bkg_tileset                 data_manager
     00000009  b_load_bounds                      data_manager
     00000009  b_load_emote                       data_manager
     00000009  b_load_init                        data_manager
     00000009  b_load_player                      data_manager
     00000009  b_load_scene                       data_manager
     00000009  b_load_sprite                      data_manager
     0000000A  ___bank_actor_item_2_interact      actor_item_2_interact
     0000000A  ___bank_bg_normal_gb_optimized_t   bg_normal_gb_optimized_tiles
     0000000A  ___bank_bg_normal_gbc_tileset      bg_normal_gbc_tileset
     0000000A  ___bank_bg_pictures_cg_desktop_n   bg_pictures_cg_desktop_no_e_
     0000000A  ___bank_bg_pictures_cg_desktop_n   bg_pictures_cg_desktop_no_e_
     0000000A  ___bank_sound_branch_snap_wav      sound_branch_snap_wav
     0000000A  ___bank_trigger_31_interact        trigger_31_interact
     0000000B  ___bank_bg_barrens_docksgb_tiles   bg_barrens_docksgb_tileset
     0000000B  ___bank_bg_pictures_b6_gb_alt_ti   bg_pictures_b6_gb_alt_tilese
     0000000B  ___bank_bg_pictures_cg_desktop_n   bg_pictures_cg_desktop_no_e_
     0000000B  ___bank_bg_pictures_cg_desktop_n   bg_pictures_cg_desktop_no_e_
     0000000B  ___bank_bg_startinghome_livingro   bg_startinghome_livingroomg_
     0000000B  ___bank_scene_computer_cutscene_   scene_computer_cutscene_2_co
ASxxxx Linker V03.00 + NoICE + sdld,  page 6.
Hexadecimal  [32-Bits]

Area                                    Addr        Size        Decimal Bytes (Attributes)
--------------------------------        ----        ----        ------- ----- ------------
.  .ABS.                            00000000    00000000 =           0. bytes (ABS,CON)

      Value  Global                              Global Defined In Module
      -----  --------------------------------   ------------------------
     0000000B  ___bank_scene_computer_cutscene_   scene_computer_cutscene_coll
     0000000B  b_parallax_init                    parallax
     0000000C  ___bank_bg_pictures_b0_2_gbc_til   bg_pictures_b0_2_gbc_tileset
     0000000C  ___bank_bg_pictures_b0_2_tileset   bg_pictures_b0_2_tileset
     0000000C  ___bank_bg_pictures_b5_gb_alt_ti   bg_pictures_b5_gb_alt_tilese
     0000000C  ___bank_bg_pictures_b5_gbc_alt_t   bg_pictures_b5_gbc_alt_tiles
     0000000C  ___bank_bg_pictures_b6_gbc_alt_t   bg_pictures_b6_gbc_alt_tiles
     0000000C  ___bank_bg_pictures_b7_gb_alt_ti   bg_pictures_b7_gb_alt_tilese
     0000000C  ___bank_bg_pictures_b7_gbc_alt_t   bg_pictures_b7_gbc_alt_tiles
     0000000C  ___bank_scene_input_password_2_0   scene_input_password_2_0_tri
     0000000C  b_trigger_activate_at              trigger
     0000000C  b_trigger_activate_at_intersecti   trigger
     0000000C  b_trigger_at_intersection          trigger
     0000000C  b_trigger_at_tile                  trigger
     0000000C  b_trigger_interact                 trigger
     0000000C  b_trigger_reset                    trigger
     0000000D  ___bank_bg_new_folder_wip_baseme   bg_new_folder_wip_basement__
     0000000D  ___bank_bg_new_folder_wip_baseme   bg_new_folder_wip_basement__
     0000000D  ___bank_bg_pictures_b3_gb_alt_ti   bg_pictures_b3_gb_alt_tilese
     0000000D  ___bank_bg_pictures_b3_gbc_alt_t   bg_pictures_b3_gbc_alt_tiles
     0000000D  ___bank_bg_pictures_b4_gb_alt_ti   bg_pictures_b4_gb_alt_tilese
     0000000D  ___bank_bg_pictures_b4_gbc_alt_t   bg_pictures_b4_gbc_alt_tiles
     0000000D  ___bank_scene_52_collisions        scene_52_collisions
     0000000D  ___bank_scene_53_collisions        scene_53_collisions
     0000000D  ___bank_scene_item_screen_2_new_   scene_item_screen_2_new_init
     0000000E  ___bank_VM_UI                      vm_ui
     0000000E  ___bank_bg_pictures_b0_2_gbc_til   bg_pictures_b0_2_gbc_tilemap
     0000000E  ___bank_scene_basement_stairs_co   scene_basement_stairs_collis
     0000000E  ___bank_scene_basement_stairs_ol   scene_basement_stairs_old_co
     0000000E  ___bank_scene_basement_stairs_wi   scene_basement_stairs_with__
     0000000E  ___bank_scene_dev_room_2_sprites   scene_dev_room_2_sprites
     0000000E  ___bank_sound_pc_off_wav           sound_pc_off_wav
     0000000E  b_adventure_init                   adventure
     0000000E  b_adventure_update                 adventure
     0000000E  b_scroll_init                      scroll
     0000000E  b_scroll_repaint                   scroll
     0000000E  b_scroll_reset                     scroll
     0000000E  b_scroll_update                    scroll
     0000000E  b_shmup_init                       shmup
     0000000E  b_shmup_update                     shmup
     0000000E  b_vm_choice                        vm_ui
     0000000E  b_vm_display_text                  vm_ui
     0000000E  b_vm_overlay_clear                 vm_ui
     0000000E  b_vm_overlay_move_to               vm_ui
     0000000E  b_vm_overlay_scroll                vm_ui
     0000000E  b_vm_overlay_set_map               vm_ui
     0000000E  b_vm_overlay_set_scroll            vm_ui
     0000000E  b_vm_overlay_set_submap            vm_ui
     0000000E  b_vm_overlay_set_submap_ex         vm_ui
     0000000E  b_vm_overlay_setpos                vm_ui
     0000000E  b_vm_overlay_show                  vm_ui
ASxxxx Linker V03.00 + NoICE + sdld,  page 7.
Hexadecimal  [32-Bits]

Area                                    Addr        Size        Decimal Bytes (Attributes)
--------------------------------        ----        ----        ------- ----- ------------
.  .ABS.                            00000000    00000000 =           0. bytes (ABS,CON)

      Value  Global                              Global Defined In Module
      -----  --------------------------------   ------------------------
     0000000E  b_vm_overlay_wait                  vm_ui
     0000000E  b_vm_set_font                      vm_ui
     0000000E  b_vm_set_text_sound                vm_ui
     0000000E  b_vm_switch_text_layer             vm_ui
     0000000F  ___bank_VM_GAMEBOY                 vm_gameboy
     0000000F  ___bank_actor_item_3_interact      actor_item_3_interact
     0000000F  ___bank_bg_menus_newinvmenu_tile   bg_menus_newinvmenu_tilemap
     0000000F  ___bank_bg_pictures_b8_gbc_alt_t   bg_pictures_b8_gbc_alt_tiles
     0000000F  ___bank_bg_startinghome_livingro   bg_startinghome_livingroomg_
     0000000F  ___bank_scene_52_sprites           scene_52_sprites
     0000000F  ___bank_scene_item_screen_2_new_   scene_item_screen_2_new_coll
     0000000F  ___bank_scene_start_dark_livingr   scene_start_dark_livingroom_
     0000000F  ___bank_scene_start_dark_livingr   scene_start_dark_livingroom_
     0000000F  ___bank_script_item_interactable   script_item_interactable_in
     0000000F  ___bank_sound_pc_on_wav            sound_pc_on_wav
     0000000F  b_topdown_init                     topdown
     0000000F  b_topdown_update                   topdown
     0000000F  b_vm_context_prepare               vm_gameboy
     0000000F  b_vm_fade                          vm_gameboy
     0000000F  b_vm_get_tile_xy                   vm_gameboy
     0000000F  b_vm_input_attach                  vm_gameboy
     0000000F  b_vm_input_detach                  vm_gameboy
     0000000F  b_vm_input_get                     vm_gameboy
     0000000F  b_vm_input_wait                    vm_gameboy
     0000000F  b_vm_load_tiles                    vm_gameboy
     0000000F  b_vm_load_tileset                  vm_gameboy
     0000000F  b_vm_poll                          vm_gameboy
     0000000F  b_vm_replace_tile                  vm_gameboy
     0000000F  b_vm_replace_tile_xy               vm_gameboy
     0000000F  b_vm_rumble                        vm_gameboy
     0000000F  b_vm_set_sprite_mode               vm_gameboy
     0000000F  b_vm_set_sprites_visible           vm_gameboy
     0000000F  b_vm_timer_prepare                 vm_gameboy
     0000000F  b_vm_timer_reset                   vm_gameboy
     0000000F  b_vm_timer_set                     vm_gameboy
     0000000F  b_vm_timer_stop                    vm_gameboy
     00000010  ___bank_VM_MUSIC                   vm_music
     00000010  ___bank_actor_window_interact_in   actor_window_interact_intera
     00000010  ___bank_bg_pictures_b0_2_gbc_til   bg_pictures_b0_2_gbc_tilemap
     00000010  ___bank_bg_pictures_b0_2_tilemap   bg_pictures_b0_2_tilemap
     00000010  ___bank_bg_pictures_b0_2_tilemap   bg_pictures_b0_2_tilemap_att
     00000010  ___bank_bg_pictures_cg_door2_gb_   bg_pictures_cg_door2_gb_tile
     00000010  ___bank_bg_startinghome_livingro   bg_startinghome_livingroomg_
     00000010  ___bank_bg_startinghome_startgb_   bg_startinghome_startgb_tile
     00000010  ___bank_scene_b0_2_collisions      scene_b0_2_collisions
     00000010  ___bank_scene_b0_2_gbc_collision   scene_b0_2_gbc_collisions
     00000010  ___bank_scene_item_screen_1_old_   scene_item_screen_1_old_init
     00000010  ___bank_scene_start_dark_bedroom   scene_start_dark_bedroom_col
     00000010  ___bank_sound_pc_denied_wav        sound_pc_denied_wav
     00000010  b_core_reset                       core
     00000010  b_core_run                         core
ASxxxx Linker V03.00 + NoICE + sdld,  page 8.
Hexadecimal  [32-Bits]

Area                                    Addr        Size        Decimal Bytes (Attributes)
--------------------------------        ----        ----        ------- ----- ------------
.  .ABS.                            00000000    00000000 =           0. bytes (ABS,CON)

      Value  Global                              Global Defined In Module
      -----  --------------------------------   ------------------------
     00000010  b_projectile_launch                projectiles
     00000010  b_projectiles_init                 projectiles
     00000010  b_vm_music_mute                    vm_music
     00000010  b_vm_music_play                    vm_music
     00000010  b_vm_music_routine                 vm_music
     00000010  b_vm_music_setpos                  vm_music
     00000010  b_vm_music_stop                    vm_music
     00000010  b_vm_sfx_play                      vm_music
     00000010  b_vm_sound_mastervol               vm_music
     00000011  ___bank_VM_CAMERA                  vm_camera
     00000011  ___bank_VM_SIO                     vm_sio
     00000011  ___bank_avatar_font_0              avatar_font_0
     00000011  ___bank_bg_gb_switch_jul162021_t   bg_gb_switch_jul162021_tiles
     00000011  ___bank_bg_pictures_cg_door1_gb_   bg_pictures_cg_door1_gb_tile
     00000011  ___bank_bg_startinghome_startgb_   bg_startinghome_startgb_tile
     00000011  ___bank_scene_item_screen_2_new_   scene_item_screen_2_new_acto
     00000011  ___bank_scene_the_end_scene__ini   scene_the_end_scene__init
     00000011  ___bank_script_input_13            script_input_13
     00000011  ___bank_script_input_4             script_input_4
     00000011  ___bank_script_input_9             script_input_9
     00000011  ___bank_sprite_text_sprite_numbe   sprite_text_sprite_numbers__
     00000011  ___bank_sprite_text_sprite_numbe   sprite_text_sprite_numbers__
     00000011  ___bank_trigger_12_interact        trigger_12_interact
     00000011  ___bank_trigger_13_interact        trigger_13_interact
     00000011  ___bank_trigger_7_interact         trigger_7_interact
     00000011  ___bank_trigger_9_interact         trigger_9_interact
     00000011  b___HandleCrash_banked             
     00000011  b_camera_shake_frames              vm_camera
     00000011  b_data_clear                       load_save
     00000011  b_data_init                        load_save
     00000011  b_data_load                        load_save
     00000011  b_data_peek                        load_save
     00000011  b_data_save                        load_save
     00000011  b_fade_applypalettechange          fade_manager
     00000011  b_fade_in                          fade_manager
     00000011  b_fade_in_modal                    fade_manager
     00000011  b_fade_init                        fade_manager
     00000011  b_fade_out                         fade_manager
     00000011  b_fade_out_modal                   fade_manager
     00000011  b_fade_setspeed                    fade_manager
     00000011  b_fade_update                      fade_manager
     00000011  b_gbprinter_detect                 gbprinter
     00000011  b_gbprinter_print_overlay          gbprinter
     00000011  b_pointnclick_init                 pointnclick
     00000011  b_pointnclick_update               pointnclick
     00000011  b_vm_camera_move_to                vm_camera
     00000011  b_vm_camera_set_pos                vm_camera
     00000011  b_vm_sio_exchange                  vm_sio
     00000011  b_vm_sio_set_mode                  vm_sio
     00000011  l__EHL_TRAMPOLINE0              
     00000012  ___bank_actor_13_interact          actor_13_interact
ASxxxx Linker V03.00 + NoICE + sdld,  page 9.
Hexadecimal  [32-Bits]

Area                                    Addr        Size        Decimal Bytes (Attributes)
--------------------------------        ----        ----        ------- ----- ------------
.  .ABS.                            00000000    00000000 =           0. bytes (ABS,CON)

      Value  Global                              Global Defined In Module
      -----  --------------------------------   ------------------------
     00000012  ___bank_actor_15_interact          actor_15_interact
     00000012  ___bank_actor_22_interact          actor_22_interact
     00000012  ___bank_actor_23_interact          actor_23_interact
     00000012  ___bank_bg_bathroomnew_tileset     bg_bathroomnew_tileset
     00000012  ___bank_bg_input_password_screen   bg_input_password_screen_til
     00000012  ___bank_bg_input_password_screen   bg_input_password_screen_v2_
     00000012  ___bank_bg_new_folder_wip_baseme   bg_new_folder_wip_basement__
     00000012  ___bank_bg_new_folder_wip_baseme   bg_new_folder_wip_basement__
     00000012  ___bank_bg_new_folder_wip_baseme   bg_new_folder_wip_basement__
     00000012  ___bank_bg_new_folder_wip_baseme   bg_new_folder_wip_basement__
     00000012  ___bank_scene_b6_gbc_sprites       scene_b6_gbc_sprites
     00000012  ___bank_scene_basement_light_col   scene_basement_light_collisi
     00000012  ___bank_scene_basement_no_light_   scene_basement_no_light_coll
     00000012  ___bank_scene_start_dark_bedroom   scene_start_dark_bedroom_ini
     00000012  ___bank_scene_start_dark_livingr   scene_start_dark_livingroom_
     00000012  ___bank_scene_title_screen_init    scene_title_screen_init
     00000012  ___bank_script_input_7             script_input_7
     00000012  ___bank_sprite_characters_niko_n   sprite_characters_niko_niko_
     00000012  ___bank_sprite_characters_niko_n   sprite_characters_niko_niko_
     00000012  ___bank_sprite_characters_niko_n   sprite_characters_niko_niko_
     00000012  ___bank_trigger_15_interact        trigger_15_interact
     00000012  ___bank_trigger_16_interact        trigger_16_interact
     00000012  ___bank_trigger_17_interact        trigger_17_interact
     00000012  ___bank_trigger_18_interact        trigger_18_interact
     00000012  ___bank_trigger_19_interact        trigger_19_interact
     00000012  ___bank_trigger_20_interact        trigger_20_interact
     00000012  ___bank_trigger_21_interact        trigger_21_interact
     00000012  ___bank_trigger_22_interact        trigger_22_interact
     00000012  ___bank_trigger_23_interact        trigger_23_interact
     00000012  ___bank_trigger_24_interact        trigger_24_interact
     00000012  ___bank_trigger_28_interact        trigger_28_interact
     00000012  ___bank_trigger_4_interact         trigger_4_interact
     00000012  ___bank_trigger_5_interact         trigger_5_interact
     00000012  b_set_sgb_border                   sgb_border
     00000013  ___bank_actor_19_interact          actor_19_interact
     00000013  ___bank_bg_bathroomnew_tilemap     bg_bathroomnew_tilemap
     00000013  ___bank_bg_gb_switch_jul162021_t   bg_gb_switch_jul162021_tilem
     00000013  ___bank_bg_gb_switch_jul162021_t   bg_gb_switch_jul162021_tilem
     00000013  ___bank_bg_input_password_screen   bg_input_password_screen_til
     00000013  ___bank_bg_input_password_screen   bg_input_password_screen_v2_
     00000013  ___bank_bg_inv_sys_2_tilemap       bg_inv_sys_2_tilemap
     00000013  ___bank_bg_louis_endscreen_tilem   bg_louis_endscreen_tilemap
     00000013  ___bank_bg_normal_gb_optimized_t   bg_normal_gb_optimized_tilem
     00000013  ___bank_bg_normal_gbc_tilemap      bg_normal_gbc_tilemap
     00000013  ___bank_bg_normal_gbc_tilemap_at   bg_normal_gbc_tilemap_attr
     00000013  ___bank_bg_pictures_b3_gb_alt_ti   bg_pictures_b3_gb_alt_tilema
     00000013  ___bank_bg_pictures_b3_gb_alt_ti   bg_pictures_b3_gb_alt_tilema
     00000013  ___bank_bg_pictures_b3_gbc_alt_t   bg_pictures_b3_gbc_alt_tilem
     00000013  ___bank_bg_pictures_b4_gb_alt_ti   bg_pictures_b4_gb_alt_tilema
     00000013  ___bank_bg_pictures_b4_gb_alt_ti   bg_pictures_b4_gb_alt_tilema
     00000013  ___bank_bg_pictures_b4_gbc_alt_t   bg_pictures_b4_gbc_alt_tilem
ASxxxx Linker V03.00 + NoICE + sdld,  page 10.
Hexadecimal  [32-Bits]

Area                                    Addr        Size        Decimal Bytes (Attributes)
--------------------------------        ----        ----        ------- ----- ------------
.  .ABS.                            00000000    00000000 =           0. bytes (ABS,CON)

      Value  Global                              Global Defined In Module
      -----  --------------------------------   ------------------------
     00000013  ___bank_bg_pictures_b5_gb_alt_ti   bg_pictures_b5_gb_alt_tilema
     00000013  ___bank_bg_pictures_b5_gb_alt_ti   bg_pictures_b5_gb_alt_tilema
     00000013  ___bank_bg_pictures_b5_gbc_alt_t   bg_pictures_b5_gbc_alt_tilem
     00000013  ___bank_bg_pictures_b6_gb_alt_ti   bg_pictures_b6_gb_alt_tilema
     00000013  ___bank_bg_pictures_b6_gb_alt_ti   bg_pictures_b6_gb_alt_tilema
     00000013  ___bank_bg_pictures_b6_gbc_alt_t   bg_pictures_b6_gbc_alt_tilem
     00000013  ___bank_bg_pictures_b7_gb_alt_ti   bg_pictures_b7_gb_alt_tilema
     00000013  ___bank_bg_pictures_b7_gb_alt_ti   bg_pictures_b7_gb_alt_tilema
     00000013  ___bank_bg_pictures_b7_gbc_alt_t   bg_pictures_b7_gbc_alt_tilem
     00000013  ___bank_bg_pictures_b7_gbc_alt_t   bg_pictures_b7_gbc_alt_tilem
     00000013  ___bank_bg_pictures_b8_gb_alt_ti   bg_pictures_b8_gb_alt_tilema
     00000013  ___bank_bg_pictures_b8_gb_alt_ti   bg_pictures_b8_gb_alt_tilema
     00000013  ___bank_bg_pictures_b9_gb_alt_ti   bg_pictures_b9_gb_alt_tilema
     00000013  ___bank_bg_pictures_b9_gb_alt_ti   bg_pictures_b9_gb_alt_tilema
     00000013  ___bank_bg_pictures_cg_door1_gb_   bg_pictures_cg_door1_gb_tile
     00000013  ___bank_bg_pictures_cg_door2_gb_   bg_pictures_cg_door2_gb_tile
     00000013  ___bank_bg_pictures_cg_wake1_gb_   bg_pictures_cg_wake1_gb_tile
     00000013  ___bank_bg_pictures_cg_wake1_gb_   bg_pictures_cg_wake1_gb_tile
     00000013  ___bank_bg_pictures_cg_wake1_gbc   bg_pictures_cg_wake1_gbc_til
     00000013  ___bank_bg_pictures_cg_wake2_gb_   bg_pictures_cg_wake2_gb_tile
     00000013  ___bank_bg_pictures_cg_wake2_gb_   bg_pictures_cg_wake2_gb_tile
     00000013  ___bank_bg_pictures_cg_wake2_gbc   bg_pictures_cg_wake2_gbc_til
     00000013  ___bank_bg_pictures_cg_wake2_gbc   bg_pictures_cg_wake2_gbc_til
     00000013  ___bank_scene_53_actors            scene_53_actors
     00000013  ___bank_scene_dev_room_actors      scene_dev_room_actors
     00000013  ___bank_scene_gbc_start_dark_bat   scene_gbc_start_dark_bathro_
     00000013  ___bank_scene_input_password_old   scene_input_password_old__ac
     00000013  ___bank_scene_start_dark_bedroom   scene_start_dark_bedroom_act
     00000013  ___bank_scene_tile_screen_gbc_in   scene_tile_screen_gbc_init
     00000014  ___bank_actor_48_interact          actor_48_interact
     00000014  ___bank_bg_pictures_cg_wake3_gb_   bg_pictures_cg_wake3_gb_tile
     00000014  ___bank_bg_pictures_cg_wake3_gb_   bg_pictures_cg_wake3_gb_tile
     00000014  ___bank_bg_pictures_cg_wake3_gbc   bg_pictures_cg_wake3_gbc_til
     00000014  ___bank_bg_pictures_cg_wake3_gbc   bg_pictures_cg_wake3_gbc_til
     00000014  ___bank_bg_pictures_cg_wake4_gb_   bg_pictures_cg_wake4_gb_tile
     00000014  ___bank_bg_pictures_cg_wake4_gb_   bg_pictures_cg_wake4_gb_tile
     00000014  ___bank_bg_pictures_cg_wake4_gbc   bg_pictures_cg_wake4_gbc_til
     00000014  ___bank_bg_pictures_cg_wake4_gbc   bg_pictures_cg_wake4_gbc_til
     00000014  ___bank_bg_pictures_cg_wake5_gb_   bg_pictures_cg_wake5_gb_tile
     00000014  ___bank_bg_pictures_cg_wake5_gbc   bg_pictures_cg_wake5_gbc_til
     00000014  ___bank_bg_pictures_cg_wake5_gbc   bg_pictures_cg_wake5_gbc_til
     00000014  ___bank_bg_placeholder_tilemap     bg_placeholder_tilemap
     00000014  ___bank_scene_b3_collisions        scene_b3_collisions
     00000014  ___bank_scene_b3_gbc_collisions    scene_b3_gbc_collisions
     00000014  ___bank_scene_b4_collisions        scene_b4_collisions
     00000014  ___bank_scene_b4_gbc_collisions    scene_b4_gbc_collisions
     00000014  ___bank_scene_b5_collisions        scene_b5_collisions
     00000014  ___bank_scene_b5_gbc_collisions    scene_b5_gbc_collisions
     00000014  ___bank_scene_b6_collisions        scene_b6_collisions
     00000014  ___bank_scene_b6_gbc_collisions    scene_b6_gbc_collisions
     00000014  ___bank_scene_b7_collisions        scene_b7_collisions
ASxxxx Linker V03.00 + NoICE + sdld,  page 11.
Hexadecimal  [32-Bits]

Area                                    Addr        Size        Decimal Bytes (Attributes)
--------------------------------        ----        ----        ------- ----- ------------
.  .ABS.                            00000000    00000000 =           0. bytes (ABS,CON)

      Value  Global                              Global Defined In Module
      -----  --------------------------------   ------------------------
     00000014  ___bank_scene_b7_gbc_collisions    scene_b7_gbc_collisions
     00000014  ___bank_scene_b8_collisions        scene_b8_collisions
     00000014  ___bank_scene_b8_gbc_collisions    scene_b8_gbc_collisions
     00000014  ___bank_scene_b9_collisions        scene_b9_collisions
     00000014  ___bank_scene_b9_gbc_collisions    scene_b9_gbc_collisions
     00000014  ___bank_scene_cg_door_1_collisio   scene_cg_door_1_collisions
     00000014  ___bank_scene_cg_door_2_collisio   scene_cg_door_2_collisions
     00000014  ___bank_scene_cg_wake_1_collisio   scene_cg_wake_1_collisions
     00000014  ___bank_scene_cg_wake_2_collisio   scene_cg_wake_2_collisions
     00000014  ___bank_scene_cg_wake_3_collisio   scene_cg_wake_3_collisions
     00000014  ___bank_scene_cg_wake_4_collisio   scene_cg_wake_4_collisions
     00000014  ___bank_scene_cg_wake_5_collisio   scene_cg_wake_5_collisions
     00000014  ___bank_scene_dev_room_2_collisi   scene_dev_room_2_collisions
     00000014  ___bank_scene_dev_room_collision   scene_dev_room_collisions
     00000014  ___bank_scene_gbc_start_dark_bat   scene_gbc_start_dark_bathro_
     00000014  ___bank_scene_gbc_wake_01_collis   scene_gbc_wake_01_collisions
     00000014  ___bank_scene_gbc_wake_02_collis   scene_gbc_wake_02_collisions
     00000014  ___bank_scene_gbc_wake_03_collis   scene_gbc_wake_03_collisions
     00000014  ___bank_scene_gbc_wake_04_collis   scene_gbc_wake_04_collisions
     00000014  ___bank_scene_gbc_wake_05_collis   scene_gbc_wake_05_collisions
     00000014  ___bank_scene_input_password_2_0   scene_input_password_2_0_col
     00000014  ___bank_scene_input_password_old   scene_input_password_old__co
     00000014  ___bank_scene_inventory_tester_c   scene_inventory_tester_colli
     00000014  ___bank_scene_item_screen_1_old_   scene_item_screen_1_old_coll
     00000014  ___bank_script_input_14            script_input_14
     00000015  ___bank_VM_PROJECTILE              vm_projectiles
     00000015  ___bank_VM_RTC                     vm_rtc
     00000015  ___bank_actor_12_interact          actor_12_interact
     00000015  ___bank_actor_24_interact          actor_24_interact
     00000015  ___bank_actor_35_interact          actor_35_interact
     00000015  ___bank_actor_36_interact          actor_36_interact
     00000015  ___bank_actor_40_update            actor_40_update
     00000015  ___bank_actor_44_interact          actor_44_interact
     00000015  ___bank_actor_53_update            actor_53_update
     00000015  ___bank_actor_56_update            actor_56_update
     00000015  ___bank_actor_5_interact           actor_5_interact
     00000015  ___bank_actor_7_interact           actor_7_interact
     00000015  ___bank_actor_comments_0_update    actor_comments_0_update
     00000015  ___bank_actor_current_interacted   actor_current_interacted_sp_
     00000015  ___bank_actor_cursor_update        actor_cursor_update
     00000015  ___bank_actor_spark_interact       actor_spark_interact
     00000015  ___bank_bg_new_folder_wip_baseme   bg_new_folder_wip_basement__
     00000015  ___bank_bg_pictures_b9_gb_alt_ti   bg_pictures_b9_gb_alt_tilese
     00000015  ___bank_scene_52_init              scene_52_init
     00000015  ___bank_scene_dev_room_2_actors    scene_dev_room_2_actors
     00000015  ___bank_scene_gbc_start_dark_bat   scene_gbc_start_dark_bathro_
     00000015  ___bank_scene_input_password_2_0   scene_input_password_2_0_act
     00000015  ___bank_scene_inventory_tester_a   scene_inventory_tester_actor
     00000015  ___bank_scene_item_screen_1_old_   scene_item_screen_1_old_acto
     00000015  ___bank_scene_power_off__collisi   scene_power_off__collisions
     00000015  ___bank_scene_start_dark_bathroo   scene_start_dark_bathroom_ac
ASxxxx Linker V03.00 + NoICE + sdld,  page 12.
Hexadecimal  [32-Bits]

Area                                    Addr        Size        Decimal Bytes (Attributes)
--------------------------------        ----        ----        ------- ----- ------------
.  .ABS.                            00000000    00000000 =           0. bytes (ABS,CON)

      Value  Global                              Global Defined In Module
      -----  --------------------------------   ------------------------
     00000015  ___bank_scene_start_dark_bathroo   scene_start_dark_bathroom_co
     00000015  ___bank_scene_the_end_scene__col   scene_the_end_scene__collisi
     00000015  ___bank_scene_tile_screen_gbc_co   scene_tile_screen_gbc_collis
     00000015  ___bank_scene_title_screen_colli   scene_title_screen_collision
     00000015  ___bank_script_input_10            script_input_10
     00000015  ___bank_sprite_characters_niko_n   sprite_characters_niko_niko
     00000015  ___bank_sprite_characters_niko_n   sprite_characters_niko_niko_
     00000015  ___bank_sprite_fire_starts_start   sprite_fire_starts_start_sp_
     00000015  ___bank_sprite_mirror_gbc2_tiles   sprite_mirror_gbc2_tileset
     00000015  ___bank_sprite_mirror_gbc_tilese   sprite_mirror_gbc_tileset
     00000015  ___bank_trigger_29_interact        trigger_29_interact
     00000015  ___bank_trigger_30_interact        trigger_30_interact
     00000015  ___bank_trigger_58_interact        trigger_58_interact
     00000015  ___bank_trigger_59_interact        trigger_59_interact
     00000015  ___bank_trigger_60_interact        trigger_60_interact
     00000015  ___bank_trigger_61_interact        trigger_61_interact
     00000015  ___bank_trigger_62_interact        trigger_62_interact
     00000015  ___bank_trigger_63_interact        trigger_63_interact
     00000015  ___bank_trigger_64_interact        trigger_64_interact
     00000015  ___bank_trigger_65_interact        trigger_65_interact
     00000015  ___bank_trigger_66_interact        trigger_66_interact
     00000015  ___bank_trigger_67_interact        trigger_67_interact
     00000015  ___bank_trigger_68_interact        trigger_68_interact
     00000015  ___bank_trigger_69_interact        trigger_69_interact
     00000015  ___bank_trigger_70_interact        trigger_70_interact
     00000015  ___bank_trigger_71_interact        trigger_71_interact
     00000015  ___bank_trigger_72_interact        trigger_72_interact
     00000015  ___bank_trigger_73_interact        trigger_73_interact
     00000015  ___bank_trigger_74_interact        trigger_74_interact
     00000015  ___bank_trigger_75_interact        trigger_75_interact
     00000015  ___bank_trigger_76_interact        trigger_76_interact
     00000015  b_CGBZeroPalette                   palette
     00000015  b_SGBTransferPalettes              palette
     00000015  b_erase_flash                      
     00000015  b_music_events_poll                music_manager
     00000015  b_music_init_driver                music_manager
     00000015  b_music_init_events                music_manager
     00000015  b_palette_init                     palette
     00000015  b_save_sram_banks                  
     00000015  b_vm_projectile_launch             vm_projectiles
     00000015  b_vm_projectile_load_type          vm_projectiles
     00000015  b_vm_rtc_get                       vm_rtc
     00000015  b_vm_rtc_latch                     vm_rtc
     00000015  b_vm_rtc_set                       vm_rtc
     00000015  b_vm_rtc_start                     vm_rtc
     00000016  ___bank_VM_GBPRINTER               vm_gbprinter
     00000016  ___bank_VM_LOAD_SAVE               vm_load_save
     00000016  ___bank_VM_SCENE                   vm_scene
     00000016  ___bank_actor_0_update             actor_0_update
     00000016  ___bank_actor_10_interact          actor_10_interact
     00000016  ___bank_actor_11_update            actor_11_update
ASxxxx Linker V03.00 + NoICE + sdld,  page 13.
Hexadecimal  [32-Bits]

Area                                    Addr        Size        Decimal Bytes (Attributes)
--------------------------------        ----        ----        ------- ----- ------------
.  .ABS.                            00000000    00000000 =           0. bytes (ABS,CON)

      Value  Global                              Global Defined In Module
      -----  --------------------------------   ------------------------
     00000016  ___bank_actor_12_update            actor_12_update
     00000016  ___bank_actor_17_interact          actor_17_interact
     00000016  ___bank_actor_18_interact          actor_18_interact
     00000016  ___bank_actor_1_interact           actor_1_interact
     00000016  ___bank_actor_1_update             actor_1_update
     00000016  ___bank_actor_20_interact          actor_20_interact
     00000016  ___bank_actor_29_update            actor_29_update
     00000016  ___bank_actor_2_interact           actor_2_interact
     00000016  ___bank_actor_32_interact          actor_32_interact
     00000016  ___bank_actor_34_interact          actor_34_interact
     00000016  ___bank_actor_39_interact          actor_39_interact
     00000016  ___bank_actor_3_interact           actor_3_interact
     00000016  ___bank_actor_42_interact          actor_42_interact
     00000016  ___bank_actor_46_interact          actor_46_interact
     00000016  ___bank_actor_47_interact          actor_47_interact
     00000016  ___bank_actor_49_interact          actor_49_interact
     00000016  ___bank_actor_4_interact           actor_4_interact
     00000016  ___bank_actor_4_update             actor_4_update
     00000016  ___bank_actor_51_update            actor_51_update
     00000016  ___bank_actor_52_update            actor_52_update
     00000016  ___bank_actor_54_update            actor_54_update
     00000016  ___bank_actor_6_update             actor_6_update
     00000016  ___bank_actor_constantly_checks_   actor_constantly_checks_ite_
     00000016  ___bank_actor_interaction_1_spri   actor_interaction_1_sprite_u
     00000016  ___bank_actor_interaction_sprite   actor_interaction_sprite_0_u
     00000016  ___bank_actor_interaction_sprite   actor_interaction_sprite_1_u
     00000016  ___bank_actor_interaction_sprite   actor_interaction_sprite_3_u
     00000016  ___bank_actor_keyhole_interact     actor_keyhole_interact
     00000016  ___bank_bg_inv_sys_2_tileset       bg_inv_sys_2_tileset
     00000016  ___bank_bg_new_folder_wip_baseme   bg_new_folder_wip_basement__
     00000016  ___bank_bg_placeholder_tileset     bg_placeholder_tileset
     00000016  ___bank_frame_image                frame_image
     00000016  ___bank_palette_0                  palette_0
     00000016  ___bank_palette_1                  palette_1
     00000016  ___bank_palette_10                 palette_10
     00000016  ___bank_palette_11                 palette_11
     00000016  ___bank_palette_12                 palette_12
     00000016  ___bank_palette_13                 palette_13
     00000016  ___bank_palette_14                 palette_14
     00000016  ___bank_palette_15                 palette_15
     00000016  ___bank_palette_16                 palette_16
     00000016  ___bank_palette_17                 palette_17
     00000016  ___bank_palette_18                 palette_18
     00000016  ___bank_palette_19                 palette_19
     00000016  ___bank_palette_2                  palette_2
     00000016  ___bank_palette_20                 palette_20
     00000016  ___bank_palette_21                 palette_21
     00000016  ___bank_palette_22                 palette_22
     00000016  ___bank_palette_23                 palette_23
     00000016  ___bank_palette_24                 palette_24
     00000016  ___bank_palette_25                 palette_25
ASxxxx Linker V03.00 + NoICE + sdld,  page 14.
Hexadecimal  [32-Bits]

Area                                    Addr        Size        Decimal Bytes (Attributes)
--------------------------------        ----        ----        ------- ----- ------------
.  .ABS.                            00000000    00000000 =           0. bytes (ABS,CON)

      Value  Global                              Global Defined In Module
      -----  --------------------------------   ------------------------
     00000016  ___bank_palette_26                 palette_26
     00000016  ___bank_palette_27                 palette_27
     00000016  ___bank_palette_28                 palette_28
     00000016  ___bank_palette_29                 palette_29
     00000016  ___bank_palette_3                  palette_3
     00000016  ___bank_palette_30                 palette_30
     00000016  ___bank_palette_31                 palette_31
     00000016  ___bank_palette_4                  palette_4
     00000016  ___bank_palette_5                  palette_5
     00000016  ___bank_palette_6                  palette_6
     00000016  ___bank_palette_7                  palette_7
     00000016  ___bank_palette_8                  palette_8
     00000016  ___bank_palette_9                  palette_9
     00000016  ___bank_scene_52                   scene_52
     00000016  ___bank_scene_52_actors            scene_52_actors
     00000016  ___bank_scene_53                   scene_53
     00000016  ___bank_scene_53_init              scene_53_init
     00000016  ___bank_scene_b0_2                 scene_b0_2
     00000016  ___bank_scene_b0_2_gbc             scene_b0_2_gbc
     00000016  ___bank_scene_b3                   scene_b3
     00000016  ___bank_scene_b3_gbc               scene_b3_gbc
     00000016  ___bank_scene_b4                   scene_b4
     00000016  ___bank_scene_b4_gbc               scene_b4_gbc
     00000016  ___bank_scene_b5                   scene_b5
     00000016  ___bank_scene_b5_gbc               scene_b5_gbc
     00000016  ___bank_scene_b6                   scene_b6
     00000016  ___bank_scene_b6_gbc               scene_b6_gbc
     00000016  ___bank_scene_b7                   scene_b7
     00000016  ___bank_scene_b7_gbc               scene_b7_gbc
     00000016  ___bank_scene_b8                   scene_b8
     00000016  ___bank_scene_b8_gbc               scene_b8_gbc
     00000016  ___bank_scene_b9                   scene_b9
     00000016  ___bank_scene_b9_gbc               scene_b9_gbc
     00000016  ___bank_scene_b9_gbc_init          scene_b9_gbc_init
     00000016  ___bank_scene_b9_init              scene_b9_init
     00000016  ___bank_scene_basement_light       scene_basement_light
     00000016  ___bank_scene_basement_light_ini   scene_basement_light_init
     00000016  ___bank_scene_basement_no_light    scene_basement_no_light
     00000016  ___bank_scene_basement_no_light_   scene_basement_no_light_acto
     00000016  ___bank_scene_basement_stairs      scene_basement_stairs
     00000016  ___bank_scene_basement_stairs_ac   scene_basement_stairs_actors
     00000016  ___bank_scene_basement_stairs_in   scene_basement_stairs_init
     00000016  ___bank_scene_basement_stairs_ol   scene_basement_stairs_old
     00000016  ___bank_scene_basement_stairs_ol   scene_basement_stairs_old_ac
     00000016  ___bank_scene_basement_stairs_ol   scene_basement_stairs_old_in
     00000016  ___bank_scene_basement_stairs_ol   scene_basement_stairs_old_tr
     00000016  ___bank_scene_basement_stairs_wi   scene_basement_stairs_with_
     00000016  ___bank_scene_basement_stairs_wi   scene_basement_stairs_with__
     00000016  ___bank_scene_basement_stairs_wi   scene_basement_stairs_with__
     00000016  ___bank_scene_cg_door_1            scene_cg_door_1
     00000016  ___bank_scene_cg_door_1_init       scene_cg_door_1_init
ASxxxx Linker V03.00 + NoICE + sdld,  page 15.
Hexadecimal  [32-Bits]

Area                                    Addr        Size        Decimal Bytes (Attributes)
--------------------------------        ----        ----        ------- ----- ------------
.  .ABS.                            00000000    00000000 =           0. bytes (ABS,CON)

      Value  Global                              Global Defined In Module
      -----  --------------------------------   ------------------------
     00000016  ___bank_scene_cg_door_2            scene_cg_door_2
     00000016  ___bank_scene_computer_cutscene_   scene_computer_cutscene_init
     00000016  ___bank_scene_gbc_start_dark_bat   scene_gbc_start_dark_bathro_
     00000016  ___bank_scene_input_password_2_0   scene_input_password_2_0_ini
     00000016  ___bank_scene_input_password_old   scene_input_password_old__in
     00000016  ___bank_scene_input_password_old   scene_input_password_old__tr
     00000016  ___bank_scene_inventory_tester_i   scene_inventory_tester_init
     00000016  ___bank_script_engine_init         
     00000016  ___bank_script_input_0             script_input_0
     00000016  ___bank_script_input_11            script_input_11
     00000016  ___bank_script_input_16            script_input_16
     00000016  ___bank_script_input_46            script_input_46
     00000016  ___bank_script_item_init_inv       script_item_init_inv
     00000016  ___bank_sprite_actor               sprite_actor
     00000016  ___bank_sprite_actor_tileset       sprite_actor_tileset
     00000016  ___bank_sprite_bed_nikoinbed_nik   sprite_bed_nikoinbed_niko_i_
     00000016  ___bank_sprite_bed_nikoinbed_nik   sprite_bed_nikoinbed_niko_o_
     00000016  ___bank_sprite_characters_niko_n   sprite_characters_niko_niko_
     00000016  ___bank_sprite_characters_niko_n   sprite_characters_niko_niko_
     00000016  ___bank_sprite_characters_niko_n   sprite_characters_niko_niko_
     00000016  ___bank_sprite_characters_niko_n   sprite_characters_niko_niko_
     00000016  ___bank_sprite_characters_niko_n   sprite_characters_niko_niko_
     00000016  ___bank_sprite_computer_computer   sprite_computer_computer_of_
     00000016  ___bank_sprite_cutscenes_niko_fa   sprite_cutscenes_niko_face__
     00000016  ___bank_sprite_faces_louis_maxne   sprite_faces_louis_maxnexus_
     00000016  ___bank_sprite_faces_nikoamazed_   sprite_faces_nikoamazed_tile
     00000016  ___bank_sprite_fire_starts_start   sprite_fire_starts_start_fi_
     00000016  ___bank_sprite_fire_starts_start   sprite_fire_starts_start_fi_
     00000016  ___bank_sprite_fire_starts_start   sprite_fire_starts_start_sp
     00000016  ___bank_sprite_icons_item_start_   sprite_icons_item_start_bot_
     00000016  ___bank_sprite_icons_item_start_   sprite_icons_item_start_bot_
     00000016  ___bank_sprite_icons_item_start_   sprite_icons_item_start_bra_
     00000016  ___bank_sprite_icons_item_start_   sprite_icons_item_start_bra_
     00000016  ___bank_sprite_icons_item_start_   sprite_icons_item_start_key_
     00000016  ___bank_sprite_icons_item_start_   sprite_icons_item_start_lig_
     00000016  ___bank_sprite_icons_item_start_   sprite_icons_item_start_rem_
     00000016  ___bank_sprite_icons_item_start_   sprite_icons_item_start_tor_
     00000016  ___bank_sprite_mirror_gbc          sprite_mirror_gbc
     00000016  ___bank_sprite_mirror_gbc2         sprite_mirror_gbc2
     00000016  ___bank_sprite_static_tileset      sprite_static_tileset
     00000016  ___bank_sprite_text_sprite_numbe   sprite_text_sprite_numbers_
     00000016  ___bank_sprite_text_sprite_numbe   sprite_text_sprite_numbers__
     00000016  ___bank_trigger_0_interact         trigger_0_interact
     00000016  ___bank_trigger_26_interact        trigger_26_interact
     00000016  ___bank_trigger_33_interact        trigger_33_interact
     00000016  ___bank_trigger_35_interact        trigger_35_interact
     00000016  ___bank_trigger_39_interact        trigger_39_interact
     00000016  ___bank_trigger_40_interact        trigger_40_interact
     00000016  ___bank_trigger_43_interact        trigger_43_interact
     00000016  ___bank_trigger_51_interact        trigger_51_interact
     00000016  ___bank_trigger_52_interact        trigger_52_interact
ASxxxx Linker V03.00 + NoICE + sdld,  page 16.
Hexadecimal  [32-Bits]

Area                                    Addr        Size        Decimal Bytes (Attributes)
--------------------------------        ----        ----        ------- ----- ------------
.  .ABS.                            00000000    00000000 =           0. bytes (ABS,CON)

      Value  Global                              Global Defined In Module
      -----  --------------------------------   ------------------------
     00000016  ___bank_trigger_77_interact        trigger_77_interact
     00000016  ___bank_trigger_82_interact        trigger_82_interact
     00000016  ___bank_trigger_84_interact        trigger_84_interact
     00000016  ___bank_trigger_85_interact        trigger_85_interact
     00000016  ___bank_trigger_87_interact        trigger_87_interact
     00000016  b_events_init                      events
     00000016  b_restore_sram                     flasher
     00000016  b_restore_sram_bank                flasher
     00000016  b_save_sram                        flasher
     00000016  b_scroll_rect                      
     00000016  b_timers_init                      events
     00000016  b_vm_print_detect                  vm_gbprinter
     00000016  b_vm_print_overlay                 vm_gbprinter
     00000016  b_vm_save_clear                    vm_load_save
     00000016  b_vm_save_peek                     vm_load_save
     00000016  b_vm_scene_pop                     vm_scene
     00000016  b_vm_scene_pop_all                 vm_scene
     00000016  b_vm_scene_push                    vm_scene
     00000016  b_vm_scene_stack_reset             vm_scene
     00000017  ___bank_actor_14_interact          actor_14_interact
     00000017  ___bank_actor_21_interact          actor_21_interact
     00000017  ___bank_actor_25_interact          actor_25_interact
     00000017  ___bank_actor_26_interact          actor_26_interact
     00000017  ___bank_actor_27_interact          actor_27_interact
     00000017  ___bank_actor_28_interact          actor_28_interact
     00000017  ___bank_actor_30_interact          actor_30_interact
     00000017  ___bank_actor_33_interact          actor_33_interact
     00000017  ___bank_actor_37_interact          actor_37_interact
     00000017  ___bank_actor_43_interact          actor_43_interact
     00000017  ___bank_actor_8_interact           actor_8_interact
     00000017  ___bank_actor_blue_interact        actor_blue_interact
     00000017  ___bank_actor_blue_number_screen   actor_blue_number_screen_int
     00000017  ___bank_actor_green_interact       actor_green_interact
     00000017  ___bank_actor_green_number_scree   actor_green_number_screen_in
     00000017  ___bank_actor_niko_bed_2_interac   actor_niko_bed_2_interact
     00000017  ___bank_actor_red_interact         actor_red_interact
     00000017  ___bank_actor_red_number_screen_   actor_red_number_screen_inte
     00000017  ___bank_actor_yellow_interact      actor_yellow_interact
     00000017  ___bank_actor_yellow_number_scre   actor_yellow_number_screen_i
     00000017  ___bank_bg_barrens_docksgb         bg_barrens_docksgb
     00000017  ___bank_bg_bathroomnew             bg_bathroomnew
     00000017  ___bank_bg_gb_switch_jul162021     bg_gb_switch_jul162021
     00000017  ___bank_bg_input_password_screen   bg_input_password_screen
     00000017  ___bank_bg_input_password_screen   bg_input_password_screen_v2
     00000017  ___bank_bg_inv_sys_2               bg_inv_sys_2
     00000017  ___bank_bg_louis_endscreen         bg_louis_endscreen
     00000017  ___bank_bg_menus_newinvmenu        bg_menus_newinvmenu
     00000017  ___bank_bg_new_folder_wip_baseme   bg_new_folder_wip_basement_
     00000017  ___bank_bg_new_folder_wip_baseme   bg_new_folder_wip_basement__
     00000017  ___bank_bg_new_folder_wip_baseme   bg_new_folder_wip_basement__
     00000017  ___bank_bg_normal_gb_optimized     bg_normal_gb_optimized
ASxxxx Linker V03.00 + NoICE + sdld,  page 17.
Hexadecimal  [32-Bits]

Area                                    Addr        Size        Decimal Bytes (Attributes)
--------------------------------        ----        ----        ------- ----- ------------
.  .ABS.                            00000000    00000000 =           0. bytes (ABS,CON)

      Value  Global                              Global Defined In Module
      -----  --------------------------------   ------------------------
     00000017  ___bank_bg_normal_gbc              bg_normal_gbc
     00000017  ___bank_bg_pictures_b0_2           bg_pictures_b0_2
     00000017  ___bank_bg_pictures_b0_2_gbc       bg_pictures_b0_2_gbc
     00000017  ___bank_bg_pictures_b3_gb_alt      bg_pictures_b3_gb_alt
     00000017  ___bank_bg_pictures_b3_gbc_alt     bg_pictures_b3_gbc_alt
     00000017  ___bank_bg_pictures_b4_gb_alt      bg_pictures_b4_gb_alt
     00000017  ___bank_bg_pictures_b4_gbc_alt     bg_pictures_b4_gbc_alt
     00000017  ___bank_bg_pictures_b5_gb_alt      bg_pictures_b5_gb_alt
     00000017  ___bank_bg_pictures_b5_gbc_alt     bg_pictures_b5_gbc_alt
     00000017  ___bank_bg_pictures_b6_gb_alt      bg_pictures_b6_gb_alt
     00000017  ___bank_bg_pictures_b6_gbc_alt     bg_pictures_b6_gbc_alt
     00000017  ___bank_bg_pictures_b7_gb_alt      bg_pictures_b7_gb_alt
     00000017  ___bank_bg_pictures_b7_gbc_alt     bg_pictures_b7_gbc_alt
     00000017  ___bank_bg_pictures_b8_gb_alt      bg_pictures_b8_gb_alt
     00000017  ___bank_bg_pictures_b8_gbc_alt     bg_pictures_b8_gbc_alt
     00000017  ___bank_bg_pictures_b9_gb_alt      bg_pictures_b9_gb_alt
     00000017  ___bank_bg_pictures_cg_desktop_n   bg_pictures_cg_desktop_no_e_
     00000017  ___bank_bg_pictures_cg_desktop_n   bg_pictures_cg_desktop_no_e_
     00000017  ___bank_bg_pictures_cg_door1_gb    bg_pictures_cg_door1_gb
     00000017  ___bank_bg_pictures_cg_door2_gb    bg_pictures_cg_door2_gb
     00000017  ___bank_bg_pictures_cg_wake1_gb    bg_pictures_cg_wake1_gb
     00000017  ___bank_bg_pictures_cg_wake1_gbc   bg_pictures_cg_wake1_gbc
     00000017  ___bank_bg_pictures_cg_wake2_gb    bg_pictures_cg_wake2_gb
     00000017  ___bank_bg_pictures_cg_wake2_gbc   bg_pictures_cg_wake2_gbc
     00000017  ___bank_bg_pictures_cg_wake3_gb    bg_pictures_cg_wake3_gb
     00000017  ___bank_bg_pictures_cg_wake3_gbc   bg_pictures_cg_wake3_gbc
     00000017  ___bank_bg_pictures_cg_wake4_gb    bg_pictures_cg_wake4_gb
     00000017  ___bank_bg_pictures_cg_wake4_gbc   bg_pictures_cg_wake4_gbc
     00000017  ___bank_bg_pictures_cg_wake5_gb    bg_pictures_cg_wake5_gb
     00000017  ___bank_bg_pictures_cg_wake5_gbc   bg_pictures_cg_wake5_gbc
     00000017  ___bank_bg_placeholder             bg_placeholder
     00000017  ___bank_bg_startinghome_livingro   bg_startinghome_livingroomg
     00000017  ___bank_bg_startinghome_startgb    bg_startinghome_startgb
     00000017  ___bank_bootstrap_script           
     00000017  ___bank_scene_52_triggers          scene_52_triggers
     00000017  ___bank_scene_53_sprites           scene_53_sprites
     00000017  ___bank_scene_53_triggers          scene_53_triggers
     00000017  ___bank_scene_b0_2_gbc_init        scene_b0_2_gbc_init
     00000017  ___bank_scene_b0_2_init            scene_b0_2_init
     00000017  ___bank_scene_b3_gbc_init          scene_b3_gbc_init
     00000017  ___bank_scene_b3_init              scene_b3_init
     00000017  ___bank_scene_b4_gbc_init          scene_b4_gbc_init
     00000017  ___bank_scene_b4_init              scene_b4_init
     00000017  ___bank_scene_b5_gbc_init          scene_b5_gbc_init
     00000017  ___bank_scene_b5_init              scene_b5_init
     00000017  ___bank_scene_b6_gbc_actors        scene_b6_gbc_actors
     00000017  ___bank_scene_b6_gbc_init          scene_b6_gbc_init
     00000017  ___bank_scene_b6_init              scene_b6_init
     00000017  ___bank_scene_b7_gbc_init          scene_b7_gbc_init
     00000017  ___bank_scene_b7_init              scene_b7_init
     00000017  ___bank_scene_b8_gbc_init          scene_b8_gbc_init
ASxxxx Linker V03.00 + NoICE + sdld,  page 18.
Hexadecimal  [32-Bits]

Area                                    Addr        Size        Decimal Bytes (Attributes)
--------------------------------        ----        ----        ------- ----- ------------
.  .ABS.                            00000000    00000000 =           0. bytes (ABS,CON)

      Value  Global                              Global Defined In Module
      -----  --------------------------------   ------------------------
     00000017  ___bank_scene_b8_init              scene_b8_init
     00000017  ___bank_scene_basement_light_act   scene_basement_light_actors
     00000017  ___bank_scene_basement_light_tri   scene_basement_light_trigger
     00000017  ___bank_scene_basement_no_light_   scene_basement_no_light_init
     00000017  ___bank_scene_basement_no_light_   scene_basement_no_light_spri
     00000017  ___bank_scene_basement_no_light_   scene_basement_no_light_trig
     00000017  ___bank_scene_basement_stairs_ol   scene_basement_stairs_old_sp
     00000017  ___bank_scene_basement_stairs_sp   scene_basement_stairs_sprite
     00000017  ___bank_scene_basement_stairs_tr   scene_basement_stairs_trigge
     00000017  ___bank_scene_basement_stairs_wi   scene_basement_stairs_with__
     00000017  ___bank_scene_basement_stairs_wi   scene_basement_stairs_with__
     00000017  ___bank_scene_cg_door_2_init       scene_cg_door_2_init
     00000017  ___bank_scene_cg_wake_1            scene_cg_wake_1
     00000017  ___bank_scene_cg_wake_1_init       scene_cg_wake_1_init
     00000017  ___bank_scene_cg_wake_2            scene_cg_wake_2
     00000017  ___bank_scene_cg_wake_2_init       scene_cg_wake_2_init
     00000017  ___bank_scene_cg_wake_3            scene_cg_wake_3
     00000017  ___bank_scene_cg_wake_3_init       scene_cg_wake_3_init
     00000017  ___bank_scene_cg_wake_4            scene_cg_wake_4
     00000017  ___bank_scene_cg_wake_4_init       scene_cg_wake_4_init
     00000017  ___bank_scene_cg_wake_5            scene_cg_wake_5
     00000017  ___bank_scene_cg_wake_5_init       scene_cg_wake_5_init
     00000017  ___bank_scene_computer_cutscene    scene_computer_cutscene
     00000017  ___bank_scene_computer_cutscene_   scene_computer_cutscene_2
     00000017  ___bank_scene_dev_room             scene_dev_room
     00000017  ___bank_scene_dev_room_2           scene_dev_room_2
     00000017  ___bank_scene_dev_room_2_init      scene_dev_room_2_init
     00000017  ___bank_scene_dev_room_init        scene_dev_room_init
     00000017  ___bank_scene_dev_room_sprites     scene_dev_room_sprites
     00000017  ___bank_scene_docks                scene_docks
     00000017  ___bank_scene_docks_actors         scene_docks_actors
     00000017  ___bank_scene_docks_init           scene_docks_init
     00000017  ___bank_scene_docks_sprites        scene_docks_sprites
     00000017  ___bank_scene_gbc_start_dark_bat   scene_gbc_start_dark_bathro
     00000017  ___bank_scene_gbc_start_dark_bat   scene_gbc_start_dark_bathro_
     00000017  ___bank_scene_gbc_wake_01          scene_gbc_wake_01
     00000017  ___bank_scene_gbc_wake_01_init     scene_gbc_wake_01_init
     00000017  ___bank_scene_gbc_wake_02          scene_gbc_wake_02
     00000017  ___bank_scene_gbc_wake_02_init     scene_gbc_wake_02_init
     00000017  ___bank_scene_gbc_wake_03          scene_gbc_wake_03
     00000017  ___bank_scene_gbc_wake_03_init     scene_gbc_wake_03_init
     00000017  ___bank_scene_gbc_wake_04          scene_gbc_wake_04
     00000017  ___bank_scene_gbc_wake_04_init     scene_gbc_wake_04_init
     00000017  ___bank_scene_gbc_wake_05          scene_gbc_wake_05
     00000017  ___bank_scene_gbc_wake_05_init     scene_gbc_wake_05_init
     00000017  ___bank_scene_input_password_2_0   scene_input_password_2_0
     00000017  ___bank_scene_input_password_2_0   scene_input_password_2_0_spr
     00000017  ___bank_scene_input_password_old   scene_input_password_old_
     00000017  ___bank_scene_input_password_old   scene_input_password_old__sp
     00000017  ___bank_scene_inventory_tester     scene_inventory_tester
     00000017  ___bank_scene_inventory_tester_s   scene_inventory_tester_sprit
ASxxxx Linker V03.00 + NoICE + sdld,  page 19.
Hexadecimal  [32-Bits]

Area                                    Addr        Size        Decimal Bytes (Attributes)
--------------------------------        ----        ----        ------- ----- ------------
.  .ABS.                            00000000    00000000 =           0. bytes (ABS,CON)

      Value  Global                              Global Defined In Module
      -----  --------------------------------   ------------------------
     00000017  ___bank_scene_item_screen_1_old    scene_item_screen_1_old
     00000017  ___bank_scene_item_screen_1_old_   scene_item_screen_1_old_spri
     00000017  ___bank_scene_item_screen_1_old_   scene_item_screen_1_old_trig
     00000017  ___bank_scene_item_screen_2_new    scene_item_screen_2_new
     00000017  ___bank_scene_item_screen_2_new_   scene_item_screen_2_new_spri
     00000017  ___bank_scene_power_off_           scene_power_off_
     00000017  ___bank_scene_power_off__init      scene_power_off__init
     00000017  ___bank_scene_start_dark_bathroo   scene_start_dark_bathroom
     00000017  ___bank_scene_start_dark_bathroo   scene_start_dark_bathroom_in
     00000017  ___bank_scene_start_dark_bathroo   scene_start_dark_bathroom_sp
     00000017  ___bank_scene_start_dark_bathroo   scene_start_dark_bathroom_tr
     00000017  ___bank_scene_start_dark_bedroom   scene_start_dark_bedroom
     00000017  ___bank_scene_start_dark_bedroom   scene_start_dark_bedroom_spr
     00000017  ___bank_scene_start_dark_bedroom   scene_start_dark_bedroom_tri
     00000017  ___bank_scene_start_dark_livingr   scene_start_dark_livingroom
     00000017  ___bank_scene_start_dark_livingr   scene_start_dark_livingroom_
     00000017  ___bank_scene_start_dark_livingr   scene_start_dark_livingroom_
     00000017  ___bank_scene_the_end_scene_       scene_the_end_scene_
     00000017  ___bank_scene_tile_screen_gbc      scene_tile_screen_gbc
     00000017  ___bank_scene_tile_screen_gbc_ac   scene_tile_screen_gbc_actors
     00000017  ___bank_scene_tile_screen_gbc_sp   scene_tile_screen_gbc_sprite
     00000017  ___bank_scene_title_screen         scene_title_screen
     00000017  ___bank_scene_title_screen_actor   scene_title_screen_actors
     00000017  ___bank_script_input_12            script_input_12
     00000017  ___bank_script_input_15            script_input_15
     00000017  ___bank_script_input_17            script_input_17
     00000017  ___bank_script_input_18            script_input_18
     00000017  ___bank_script_input_19            script_input_19
     00000017  ___bank_script_input_2             script_input_2
     00000017  ___bank_script_input_20            script_input_20
     00000017  ___bank_script_input_21            script_input_21
     00000017  ___bank_script_input_22            script_input_22
     00000017  ___bank_script_input_23            script_input_23
     00000017  ___bank_script_input_24            script_input_24
     00000017  ___bank_script_input_25            script_input_25
     00000017  ___bank_script_input_26            script_input_26
     00000017  ___bank_script_input_27            script_input_27
     00000017  ___bank_script_input_28            script_input_28
     00000017  ___bank_script_input_29            script_input_29
     00000017  ___bank_script_input_3             script_input_3
     00000017  ___bank_script_input_30            script_input_30
     00000017  ___bank_script_input_31            script_input_31
     00000017  ___bank_script_input_32            script_input_32
     00000017  ___bank_script_input_33            script_input_33
     00000017  ___bank_script_input_34            script_input_34
     00000017  ___bank_script_input_35            script_input_35
     00000017  ___bank_script_input_36            script_input_36
     00000017  ___bank_script_input_37            script_input_37
     00000017  ___bank_script_input_38            script_input_38
     00000017  ___bank_script_input_39            script_input_39
     00000017  ___bank_script_input_40            script_input_40
ASxxxx Linker V03.00 + NoICE + sdld,  page 20.
Hexadecimal  [32-Bits]

Area                                    Addr        Size        Decimal Bytes (Attributes)
--------------------------------        ----        ----        ------- ----- ------------
.  .ABS.                            00000000    00000000 =           0. bytes (ABS,CON)

      Value  Global                              Global Defined In Module
      -----  --------------------------------   ------------------------
     00000017  ___bank_script_input_41            script_input_41
     00000017  ___bank_script_input_42            script_input_42
     00000017  ___bank_script_input_43            script_input_43
     00000017  ___bank_script_input_44            script_input_44
     00000017  ___bank_script_input_45            script_input_45
     00000017  ___bank_script_input_5             script_input_5
     00000017  ___bank_script_input_6             script_input_6
     00000017  ___bank_script_input_8             script_input_8
     00000017  ___bank_script_timer_0             script_timer_0
     00000017  ___bank_script_timer_1             script_timer_1
     00000017  ___bank_script_timer_10            script_timer_10
     00000017  ___bank_script_timer_2             script_timer_2
     00000017  ___bank_script_timer_3             script_timer_3
     00000017  ___bank_script_timer_4             script_timer_4
     00000017  ___bank_script_timer_5             script_timer_5
     00000017  ___bank_script_timer_6             script_timer_6
     00000017  ___bank_script_timer_7             script_timer_7
     00000017  ___bank_script_timer_8             script_timer_8
     00000017  ___bank_script_timer_9             script_timer_9
     00000017  ___bank_sound_legacy_0             sound_legacy_0
     00000017  ___bank_sound_legacy_1             sound_legacy_1
     00000017  ___bank_sound_legacy_2             sound_legacy_2
     00000017  ___bank_sound_legacy_3             sound_legacy_3
     00000017  ___bank_sprite_bed_nikoinbed_nik   sprite_bed_nikoinbed_niko_i
     00000017  ___bank_sprite_bed_nikoinbed_nik   sprite_bed_nikoinbed_niko_o
     00000017  ___bank_sprite_computer_computer   sprite_computer_computer_of
     00000017  ___bank_sprite_cutscenes_niko_fa   sprite_cutscenes_niko_face_
     00000017  ___bank_sprite_faces_louis_maxne   sprite_faces_louis_maxnexus
     00000017  ___bank_sprite_faces_nikoamazed    sprite_faces_nikoamazed
     00000017  ___bank_sprite_fire_starts_start   sprite_fire_starts_start_fi
     00000017  ___bank_sprite_fire_starts_start   sprite_fire_starts_start_fi_
     00000017  ___bank_sprite_generic_invisible   sprite_generic_invisible
     00000017  ___bank_sprite_generic_invisible   sprite_generic_invisible_co
     00000017  ___bank_sprite_generic_invisible   sprite_generic_invisible_co_
     00000017  ___bank_sprite_icons_item_start_   sprite_icons_item_start_bot
     00000017  ___bank_sprite_icons_item_start_   sprite_icons_item_start_bot_
     00000017  ___bank_sprite_icons_item_start_   sprite_icons_item_start_bra
     00000017  ___bank_sprite_icons_item_start_   sprite_icons_item_start_bra_
     00000017  ___bank_sprite_icons_item_start_   sprite_icons_item_start_key
     00000017  ___bank_sprite_icons_item_start_   sprite_icons_item_start_lig
     00000017  ___bank_sprite_icons_item_start_   sprite_icons_item_start_rem
     00000017  ___bank_sprite_icons_item_start_   sprite_icons_item_start_tor
     00000017  ___bank_sprite_niko_possible_red   sprite_niko_possible_redesi
     00000017  ___bank_sprite_niko_possible_red   sprite_niko_possible_redesi_
     00000017  ___bank_sprite_niko_possible_red   sprite_niko_possible_redesi_
     00000017  ___bank_sprite_niko_possible_red   sprite_niko_possible_redesi_
     00000017  ___bank_sprite_scarf01             sprite_scarf01
     00000017  ___bank_sprite_scarf01_tileset     sprite_scarf01_tileset
     00000017  ___bank_sprite_static              sprite_static
     00000017  ___bank_trigger_10_interact        trigger_10_interact
     00000017  ___bank_trigger_11_interact        trigger_11_interact
ASxxxx Linker V03.00 + NoICE + sdld,  page 21.
Hexadecimal  [32-Bits]

Area                                    Addr        Size        Decimal Bytes (Attributes)
--------------------------------        ----        ----        ------- ----- ------------
.  .ABS.                            00000000    00000000 =           0. bytes (ABS,CON)

      Value  Global                              Global Defined In Module
      -----  --------------------------------   ------------------------
     00000017  ___bank_trigger_14_interact        trigger_14_interact
     00000017  ___bank_trigger_1_interact         trigger_1_interact
     00000017  ___bank_trigger_25_interact        trigger_25_interact
     00000017  ___bank_trigger_2_interact         trigger_2_interact
     00000017  ___bank_trigger_32_interact        trigger_32_interact
     00000017  ___bank_trigger_34_interact        trigger_34_interact
     00000017  ___bank_trigger_37_interact        trigger_37_interact
     00000017  ___bank_trigger_38_interact        trigger_38_interact
     00000017  ___bank_trigger_3_interact         trigger_3_interact
     00000017  ___bank_trigger_42_interact        trigger_42_interact
     00000017  ___bank_trigger_44_interact        trigger_44_interact
     00000017  ___bank_trigger_45_interact        trigger_45_interact
     00000017  ___bank_trigger_46_interact        trigger_46_interact
     00000017  ___bank_trigger_47_interact        trigger_47_interact
     00000017  ___bank_trigger_48_interact        trigger_48_interact
     00000017  ___bank_trigger_49_interact        trigger_49_interact
     00000017  ___bank_trigger_50_interact        trigger_50_interact
     00000017  ___bank_trigger_53_interact        trigger_53_interact
     00000017  ___bank_trigger_54_interact        trigger_54_interact
     00000017  ___bank_trigger_55_interact        trigger_55_interact
[...]
                                          [ sprite_characters_niko_niko_3 ]
C:/tmp/_gbsbuild/obj/sprite_characters_niko_niko_tileset.rel
                                          [ sprite_characters_niko_niko_tile ]
C:/tmp/_gbsbuild/obj/sprite_characters_niko_niko.rel
                                          [ sprite_characters_niko_niko ]
C:/tmp/_gbsbuild/obj/sprite_computer_computer_of_tileset.rel
                                          [ sprite_computer_computer_of_tile ]
C:/tmp/_gbsbuild/obj/sprite_computer_computer_of.rel
                                          [ sprite_computer_computer_of ]
C:/tmp/_gbsbuild/obj/sprite_cutscenes_niko_face__tileset.rel
                                          [ sprite_cutscenes_niko_face__tile ]
C:/tmp/_gbsbuild/obj/sprite_cutscenes_niko_face_.rel
                                          [ sprite_cutscenes_niko_face_ ]
C:/tmp/_gbsbuild/obj/sprite_faces_louis_maxnexus_tileset.rel
                                          [ sprite_faces_louis_maxnexus_tile ]
C:/tmp/_gbsbuild/obj/sprite_faces_louis_maxnexus.rel
                                          [ sprite_faces_louis_maxnexus ]
C:/tmp/_gbsbuild/obj/sprite_faces_nikoamazed_tileset.rel
                                          [ sprite_faces_nikoamazed_tileset ]
C:/tmp/_gbsbuild/obj/sprite_faces_nikoamazed.rel
                                          [ sprite_faces_nikoamazed ]
C:/tmp/_gbsbuild/obj/sprite_fire_starts_start_fi_0_tileset.rel
                                          [ sprite_fire_starts_start_fi_0_ti ]
C:/tmp/_gbsbuild/obj/sprite_fire_starts_start_fi_0.rel
                                          [ sprite_fire_starts_start_fi_0 ]
C:/tmp/_gbsbuild/obj/sprite_fire_starts_start_fi_tileset.rel
                                          [ sprite_fire_starts_start_fi_tile ]
C:/tmp/_gbsbuild/obj/sprite_fire_starts_start_fi.rel
                                          [ sprite_fire_starts_start_fi ]
C:/tmp/_gbsbuild/obj/sprite_fire_starts_start_sp_tileset.rel
                                          [ sprite_fire_starts_start_sp_tile ]
C:/tmp/_gbsbuild/obj/sprite_fire_starts_start_sp.rel
                                          [ sprite_fire_starts_start_sp ]
C:/tmp/_gbsbuild/obj/sprite_generic_invisible_co_tileset.rel
                                          [ sprite_generic_invisible_co_tile ]
C:/tmp/_gbsbuild/obj/sprite_generic_invisible_co.rel
                                          [ sprite_generic_invisible_co ]
C:/tmp/_gbsbuild/obj/sprite_generic_invisible.rel
                                          [ sprite_generic_invisible ]
C:/tmp/_gbsbuild/obj/sprite_icons_item_start_bot_0_tileset.rel
                                          [ sprite_icons_item_start_bot_0_ti ]
C:/tmp/_gbsbuild/obj/sprite_icons_item_start_bot_0.rel
                                          [ sprite_icons_item_start_bot_0 ]
C:/tmp/_gbsbuild/obj/sprite_icons_item_start_bot_tileset.rel
                                          [ sprite_icons_item_start_bot_tile ]
C:/tmp/_gbsbuild/obj/sprite_icons_item_start_bot.rel
                                          [ sprite_icons_item_start_bot ]
C:/tmp/_gbsbuild/obj/sprite_icons_item_start_bra_0_tileset.rel
                                          [ sprite_icons_item_start_bra_0_ti ]
C:/tmp/_gbsbuild/obj/sprite_icons_item_start_bra_0.rel
                                          [ sprite_icons_item_start_bra_0 ]
C:/tmp/_gbsbuild/obj/sprite_icons_item_start_bra_tileset.rel
                                          [ sprite_icons_item_start_bra_tile ]
C:/tmp/_gbsbuild/obj/sprite_icons_item_start_bra.rel
                                          [ sprite_icons_item_start_bra ]
C:/tmp/_gbsbuild/obj/sprite_icons_item_start_key_tileset.rel
                                          [ sprite_icons_item_start_key_tile ]
C:/tmp/_gbsbuild/obj/sprite_icons_item_start_key.rel
                                          [ sprite_icons_item_start_key ]
C:/tmp/_gbsbuild/obj/sprite_icons_item_start_lig_tileset.rel
                                          [ sprite_icons_item_start_lig_tile ]
C:/tmp/_gbsbuild/obj/sprite_icons_item_start_lig.rel
                                          [ sprite_icons_item_start_lig ]
C:/tmp/_gbsbuild/obj/sprite_icons_item_start_rem_tileset.rel
                                          [ sprite_icons_item_start_rem_tile ]
C:/tmp/_gbsbuild/obj/sprite_icons_item_start_rem.rel
                                          [ sprite_icons_item_start_rem ]
C:/tmp/_gbsbuild/obj/sprite_icons_item_start_tor_tileset.rel
                                          [ sprite_icons_item_start_tor_tile ]
C:/tmp/_gbsbuild/obj/sprite_icons_item_start_tor.rel
                                          [ sprite_icons_item_start_tor ]
C:/tmp/_gbsbuild/obj/sprite_mirror_gbc_tileset.rel
                                          [ sprite_mirror_gbc_tileset ]
C:/tmp/_gbsbuild/obj/sprite_mirror_gbc.rel
                                          [ sprite_mirror_gbc ]
C:/tmp/_gbsbuild/obj/sprite_mirror_gbc2_tileset.rel
                                          [ sprite_mirror_gbc2_tileset ]
C:/tmp/_gbsbuild/obj/sprite_mirror_gbc2.rel
                                          [ sprite_mirror_gbc2 ]
C:/tmp/_gbsbuild/obj/sprite_niko_possible_redesi_0_tileset.rel
                                          [ sprite_niko_possible_redesi_0_ti ]
C:/tmp/_gbsbuild/obj/sprite_niko_possible_redesi_0.rel
                                          [ sprite_niko_possible_redesi_0 ]
C:/tmp/_gbsbuild/obj/sprite_niko_possible_redesi_tileset.rel
                                          [ sprite_niko_possible_redesi_tile ]
C:/tmp/_gbsbuild/obj/sprite_niko_possible_redesi.rel
                                          [ sprite_niko_possible_redesi ]
C:/tmp/_gbsbuild/obj/sprite_scarf01_tileset.rel
                                          [ sprite_scarf01_tileset ]
C:/tmp/_gbsbuild/obj/sprite_scarf01.rel   [ sprite_scarf01 ]
C:/tmp/_gbsbuild/obj/sprite_static_tileset.rel
                                          [ sprite_static_tileset ]
C:/tmp/_gbsbuild/obj/sprite_static.rel    [ sprite_static ]
C:/tmp/_gbsbuild/obj/sprite_text_sprite_numbers__0_tileset.rel
                                          [ sprite_text_sprite_numbers__0_ti ]
C:/tmp/_gbsbuild/obj/sprite_text_sprite_numbers__0.rel
                                          [ sprite_text_sprite_numbers__0 ]
C:/tmp/_gbsbuild/obj/sprite_text_sprite_numbers__tileset.rel
                                          [ sprite_text_sprite_numbers__tile ]
C:/tmp/_gbsbuild/obj/sprite_text_sprite_numbers_.rel
                                          [ sprite_text_sprite_numbers_ ]
C:/tmp/_gbsbuild/obj/spritesheet_none.rel
                                          [ spritesheet_none ]
C:/tmp/_gbsbuild/obj/trigger_0_interact.rel
                                          [ trigger_0_interact ]
C:/tmp/_gbsbuild/obj/trigger_1_interact.rel
                                          [ trigger_1_interact ]
C:/tmp/_gbsbuild/obj/trigger_10_interact.rel
                                          [ trigger_10_interact ]
C:/tmp/_gbsbuild/obj/trigger_11_interact.rel
                                          [ trigger_11_interact ]
C:/tmp/_gbsbuild/obj/trigger_12_interact.rel
                                          [ trigger_12_interact ]
C:/tmp/_gbsbuild/obj/trigger_13_interact.rel
                                          [ trigger_13_interact ]
C:/tmp/_gbsbuild/obj/trigger_14_interact.rel
                                          [ trigger_14_interact ]
C:/tmp/_gbsbuild/obj/trigger_15_interact.rel
                                          [ trigger_15_interact ]
C:/tmp/_gbsbuild/obj/trigger_16_interact.rel
                                          [ trigger_16_interact ]
C:/tmp/_gbsbuild/obj/trigger_17_interact.rel
                                          [ trigger_17_interact ]
C:/tmp/_gbsbuild/obj/trigger_18_interact.rel
                                          [ trigger_18_interact ]
C:/tmp/_gbsbuild/obj/trigger_19_interact.rel
                                          [ trigger_19_interact ]
C:/tmp/_gbsbuild/obj/trigger_2_interact.rel
                                          [ trigger_2_interact ]
C:/tmp/_gbsbuild/obj/trigger_20_interact.rel
                                          [ trigger_20_interact ]
C:/tmp/_gbsbuild/obj/trigger_21_interact.rel
                                          [ trigger_21_interact ]
C:/tmp/_gbsbuild/obj/trigger_22_interact.rel
                                          [ trigger_22_interact ]
C:/tmp/_gbsbuild/obj/trigger_23_interact.rel
                                          [ trigger_23_interact ]
C:/tmp/_gbsbuild/obj/trigger_24_interact.rel
                                          [ trigger_24_interact ]
C:/tmp/_gbsbuild/obj/trigger_25_interact.rel
                                          [ trigger_25_interact ]
C:/tmp/_gbsbuild/obj/trigger_26_interact.rel
                                          [ trigger_26_interact ]
C:/tmp/_gbsbuild/obj/trigger_27_interact.rel
                                          [ trigger_27_interact ]
C:/tmp/_gbsbuild/obj/trigger_28_interact.rel
                                          [ trigger_28_interact ]
C:/tmp/_gbsbuild/obj/trigger_29_interact.rel
                                          [ trigger_29_interact ]
C:/tmp/_gbsbuild/obj/trigger_3_interact.rel
                                          [ trigger_3_interact ]
C:/tmp/_gbsbuild/obj/trigger_30_interact.rel
                                          [ trigger_30_interact ]
C:/tmp/_gbsbuild/obj/trigger_31_interact.rel
                                          [ trigger_31_interact ]
C:/tmp/_gbsbuild/obj/trigger_32_interact.rel
                                          [ trigger_32_interact ]
C:/tmp/_gbsbuild/obj/trigger_33_interact.rel
                                          [ trigger_33_interact ]
C:/tmp/_gbsbuild/obj/trigger_34_interact.rel
                                          [ trigger_34_interact ]
C:/tmp/_gbsbuild/obj/trigger_35_interact.rel
                                          [ trigger_35_interact ]
C:/tmp/_gbsbuild/obj/trigger_37_interact.rel
                                          [ trigger_37_interact ]
C:/tmp/_gbsbuild/obj/trigger_38_interact.rel
                                          [ trigger_38_interact ]
C:/tmp/_gbsbuild/obj/trigger_39_interact.rel
                                          [ trigger_39_interact ]
C:/tmp/_gbsbuild/obj/trigger_4_interact.rel
                                          [ trigger_4_interact ]
C:/tmp/_gbsbuild/obj/trigger_40_interact.rel
                                          [ trigger_40_interact ]
C:/tmp/_gbsbuild/obj/trigger_42_interact.rel
                                          [ trigger_42_interact ]
C:/tmp/_gbsbuild/obj/trigger_43_interact.rel
                                          [ trigger_43_interact ]
C:/tmp/_gbsbuild/obj/trigger_44_interact.rel
                                          [ trigger_44_interact ]
C:/tmp/_gbsbuild/obj/trigger_45_interact.rel
                                          [ trigger_45_interact ]
C:/tmp/_gbsbuild/obj/trigger_46_interact.rel
                                          [ trigger_46_interact ]
C:/tmp/_gbsbuild/obj/trigger_47_interact.rel
                                          [ trigger_47_interact ]
C:/tmp/_gbsbuild/obj/trigger_48_interact.rel
                                          [ trigger_48_interact ]
C:/tmp/_gbsbuild/obj/trigger_49_interact.rel
                                          [ trigger_49_interact ]
C:/tmp/_gbsbuild/obj/trigger_5_interact.rel
                                          [ trigger_5_interact ]
C:/tmp/_gbsbuild/obj/trigger_50_interact.rel
                                          [ trigger_50_interact ]
C:/tmp/_gbsbuild/obj/trigger_51_interact.rel
                                          [ trigger_51_interact ]
C:/tmp/_gbsbuild/obj/trigger_52_interact.rel
                                          [ trigger_52_interact ]
C:/tmp/_gbsbuild/obj/trigger_53_interact.rel
                                          [ trigger_53_interact ]
C:/tmp/_gbsbuild/obj/trigger_54_interact.rel
                                          [ trigger_54_interact ]
C:/tmp/_gbsbuild/obj/trigger_55_interact.rel
                                          [ trigger_55_interact ]
C:/tmp/_gbsbuild/obj/trigger_56_interact.rel
                                          [ trigger_56_interact ]
C:/tmp/_gbsbuild/obj/trigger_57_interact.rel
                                          [ trigger_57_interact ]
C:/tmp/_gbsbuild/obj/trigger_58_interact.rel
                                          [ trigger_58_interact ]
C:/tmp/_gbsbuild/obj/trigger_59_interact.rel
                                          [ trigger_59_interact ]
C:/tmp/_gbsbuild/obj/trigger_6_interact.rel
                                          [ trigger_6_interact ]
C:/tmp/_gbsbuild/obj/trigger_60_interact.rel
                                          [ trigger_60_interact ]
C:/tmp/_gbsbuild/obj/trigger_61_interact.rel
                                          [ trigger_61_interact ]
C:/tmp/_gbsbuild/obj/trigger_62_interact.rel
                                          [ trigger_62_interact ]
C:/tmp/_gbsbuild/obj/trigger_63_interact.rel
                                          [ trigger_63_interact ]
C:/tmp/_gbsbuild/obj/trigger_64_interact.rel
                                          [ trigger_64_interact ]
C:/tmp/_gbsbuild/obj/trigger_65_interact.rel
                                          [ trigger_65_interact ]
C:/tmp/_gbsbuild/obj/trigger_66_interact.rel
                                          [ trigger_66_interact ]
C:/tmp/_gbsbuild/obj/trigger_67_interact.rel
                                          [ trigger_67_interact ]
C:/tmp/_gbsbuild/obj/trigger_68_interact.rel
                                          [ trigger_68_interact ]
C:/tmp/_gbsbuild/obj/trigger_69_interact.rel
                                          [ trigger_69_interact ]
C:/tmp/_gbsbuild/obj/trigger_7_interact.rel
                                          [ trigger_7_interact ]
C:/tmp/_gbsbuild/obj/trigger_70_interact.rel
                                          [ trigger_70_interact ]
C:/tmp/_gbsbuild/obj/trigger_71_interact.rel
                                          [ trigger_71_interact ]
C:/tmp/_gbsbuild/obj/trigger_72_interact.rel
                                          [ trigger_72_interact ]
C:/tmp/_gbsbuild/obj/trigger_73_interact.rel
                                          [ trigger_73_interact ]
C:/tmp/_gbsbuild/obj/trigger_74_interact.rel
                                          [ trigger_74_interact ]
C:/tmp/_gbsbuild/obj/trigger_75_interact.rel
                                          [ trigger_75_interact ]
C:/tmp/_gbsbuild/obj/trigger_76_interact.rel
                                          [ trigger_76_interact ]
C:/tmp/_gbsbuild/obj/trigger_77_interact.rel
                                          [ trigger_77_interact ]
C:/tmp/_gbsbuild/obj/trigger_78_interact.rel
                                          [ trigger_78_interact ]
C:/tmp/_gbsbuild/obj/trigger_79_interact.rel
                                          [ trigger_79_interact ]
C:/tmp/_gbsbuild/obj/trigger_8_interact.rel
                                          [ trigger_8_interact ]
C:/tmp/_gbsbuild/obj/trigger_80_interact.rel
                                          [ trigger_80_interact ]
C:/tmp/_gbsbuild/obj/trigger_81_interact.rel
                                          [ trigger_81_interact ]
C:/tmp/_gbsbuild/obj/trigger_82_interact.rel
                                          [ trigger_82_interact ]
C:/tmp/_gbsbuild/obj/trigger_83_interact.rel
                                          [ trigger_83_interact ]
C:/tmp/_gbsbuild/obj/trigger_84_interact.rel
                                          [ trigger_84_interact ]
C:/tmp/_gbsbuild/obj/trigger_85_interact.rel
                                          [ trigger_85_interact ]
C:/tmp/_gbsbuild/obj/trigger_86_interact.rel
                                          [ trigger_86_interact ]
C:/tmp/_gbsbuild/obj/trigger_87_interact.rel
                                          [ trigger_87_interact ]
C:/tmp/_gbsbuild/obj/trigger_9_interact.rel
                                          [ trigger_9_interact ]
C:/tmp/_gbsbuild/obj/main.rel             [ main ]
C:/tmp/_gbsbuild/obj/adventure.rel        [ adventure ]
C:/tmp/_gbsbuild/obj/logo.rel             [ logo ]
C:/tmp/_gbsbuild/obj/platform.rel         [ platform ]
C:/tmp/_gbsbuild/obj/pointnclick.rel      [ pointnclick ]
C:/tmp/_gbsbuild/obj/shmup.rel            [ shmup ]
C:/tmp/_gbsbuild/obj/states_ptrs.rel      [  ]
C:/tmp/_gbsbuild/obj/topdown.rel          [ topdown ]


Libraries Linked                          [ object file ]

C:\tmp/_gbstools/gbdk/lib/small/asxxxx/gb/gb.lib
                                          [ fill_rect_wi.o ]
C:\tmp/_gbstools/gbdk/lib/small/asxxxx/gbz80/gbz80.lib
                                          [ rand.o ]
lib/hUGEDriver.lib                        [ hUGEDriver.obj.o ]
C:\tmp/_gbstools/gbdk/lib/small/asxxxx/gb/gb.lib
                                          [ sfr.o ]
C:\tmp/_gbstools/gbdk/lib/small/asxxxx/gb/gb.lib
                                          [ get_data.o ]
C:\tmp/_gbstools/gbdk/lib/small/asxxxx/gb/gb.lib
                                          [ get_tile.o ]
C:\tmp/_gbstools/gbdk/lib/small/asxxxx/gb/gb.lib
                                          [ cgb_palettes.o ]
C:\tmp/_gbstools/gbdk/lib/small/asxxxx/gb/gb.lib
                                          [ metasprites_hide_spr.o ]
C:\tmp/_gbstools/gbdk/lib/small/asxxxx/gbz80/gbz80.lib
                                          [ mul.o ]
C:\tmp/_gbstools/gbdk/lib/small/asxxxx/gbz80/gbz80.lib
                                          [ abs.o ]
C:\tmp/_gbstools/gbdk/lib/small/asxxxx/gb/gb.lib
                                          [ set_wi_t.o ]
C:\tmp/_gbstools/gbdk/lib/small/asxxxx/gb/gb.lib
                                          [ set_data.o ]
C:\tmp/_gbstools/gbdk/lib/small/asxxxx/gbz80/gbz80.lib
                                          [ reverse.o ]
C:\tmp/_gbstools/gbdk/lib/small/asxxxx/gb/gb.lib
                                          [ far_ptr.o ]
C:\tmp/_gbstools/gbdk/lib/small/asxxxx/gb/gb.lib
                                          [ sgb.o ]
C:\tmp/_gbstools/gbdk/lib/small/asxxxx/gb/gb.lib
                                          [ lcd.o ]
C:\tmp/_gbstools/gbdk/lib/small/asxxxx/gb/gb.lib
                                          [ fill_rect.o ]
C:\tmp/_gbstools/gbdk/lib/small/asxxxx/gb/gb.lib
                                          [ pad_ex.o ]
C:\tmp/_gbstools/gbdk/lib/small/asxxxx/gb/gb.lib
                                          [ cpy_data.o ]
C:\tmp/_gbstools/gbdk/lib/small/asxxxx/gb/gb.lib
                                          [ fill_rect_bk.o ]
C:\tmp/_gbstools/gbdk/lib/small/asxxxx/gb/gb.lib
                                          [ metasprites.o ]
C:\tmp/_gbstools/gbdk/lib/small/asxxxx/gbz80/gbz80.lib
                                          [ __sdcc_call_hl.o ]
C:\tmp/_gbstools/gbdk/lib/small/asxxxx/gbz80/gbz80.lib
                                          [ _memcpy.o ]
C:\tmp/_gbstools/gbdk/lib/small/asxxxx/gbz80/gbz80.lib
                                          [ _memset.o ]
C:\tmp/_gbstools/gbdk/lib/small/asxxxx/gb/gb.lib
                                          [ set_xy_t.o ]
C:\tmp/_gbstools/gbdk/lib/small/asxxxx/gb/gb.lib
                                          [ cgb.o ]
C:\tmp/_gbstools/gbdk/lib/small/asxxxx/gbz80/gbz80.lib
                                          [ div.o ]
C:\tmp/_gbstools/gbdk/lib/small/asxxxx/gb/gb.lib
                                          [ set_bk_t.o ]

ASxxxx Linker V03.00 + NoICE + sdld,  page 110.

User Base Address Definitions

_DATA=0xC0A0
_CODE=0x0200
ASxxxx Linker V03.00 + NoICE + sdld,  page 111.

User Global Definitions

.STACK=0xDF00
_shadow_OAM=0xC000
.refresh_OAM=0xFF80
__start_save=28

